Component: ARM Compiler 5.06 update 4 (build 422) Tool: armlink [4d35d2]

==============================================================================

Section Cross References

    startup_stm32f407xx.o(RESET) refers to startup_stm32f407xx.o(STACK) for __initial_sp
    startup_stm32f407xx.o(RESET) refers to startup_stm32f407xx.o(.text) for Reset_Handler
    startup_stm32f407xx.o(RESET) refers to stm32f4xx_it.o(i.NMI_Handler) for NMI_Handler
    startup_stm32f407xx.o(RESET) refers to stm32f4xx_it.o(i.HardFault_Handler) for HardFault_Handler
    startup_stm32f407xx.o(RESET) refers to stm32f4xx_it.o(i.MemManage_Handler) for MemManage_Handler
    startup_stm32f407xx.o(RESET) refers to stm32f4xx_it.o(i.BusFault_Handler) for BusFault_Handler
    startup_stm32f407xx.o(RESET) refers to stm32f4xx_it.o(i.UsageFault_Handler) for UsageFault_Handler
    startup_stm32f407xx.o(RESET) refers to port.o(.emb_text) for SVC_Handler
    startup_stm32f407xx.o(RESET) refers to stm32f4xx_it.o(i.DebugMon_Handler) for DebugMon_Handler
    startup_stm32f407xx.o(RESET) refers to cmsis_os2.o(i.SysTick_Handler) for SysTick_Handler
    startup_stm32f407xx.o(RESET) refers to stm32f4xx_it.o(i.EXTI3_IRQHandler) for EXTI3_IRQHandler
    startup_stm32f407xx.o(RESET) refers to stm32f4xx_it.o(i.CAN1_TX_IRQHandler) for CAN1_TX_IRQHandler
    startup_stm32f407xx.o(RESET) refers to stm32f4xx_it.o(i.CAN1_RX0_IRQHandler) for CAN1_RX0_IRQHandler
    startup_stm32f407xx.o(RESET) refers to stm32f4xx_it.o(i.CAN1_RX1_IRQHandler) for CAN1_RX1_IRQHandler
    startup_stm32f407xx.o(RESET) refers to stm32f4xx_it.o(i.CAN1_SCE_IRQHandler) for CAN1_SCE_IRQHandler
    startup_stm32f407xx.o(RESET) refers to stm32f4xx_it.o(i.UART4_IRQHandler) for UART4_IRQHandler
    startup_stm32f407xx.o(RESET) refers to stm32f4xx_it.o(i.TIM6_DAC_IRQHandler) for TIM6_DAC_IRQHandler
    startup_stm32f407xx.o(.text) refers to system_stm32f4xx.o(i.SystemInit) for SystemInit
    startup_stm32f407xx.o(.text) refers to entry.o(.ARM.Collect$$$$00000000) for __main
    sim7600.o(i.HAL_UART_RxCpltCallback) refers to stm32f4xx_hal_uart.o(i.HAL_UART_Receive_IT) for HAL_UART_Receive_IT
    sim7600.o(i.HAL_UART_RxCpltCallback) refers to strstr.o(.text) for strstr
    sim7600.o(i.HAL_UART_RxCpltCallback) refers to stm32f4xx_hal_gpio.o(i.HAL_GPIO_WritePin) for HAL_GPIO_WritePin
    sim7600.o(i.HAL_UART_RxCpltCallback) refers to memseta.o(.text) for __aeabi_memclr4
    sim7600.o(i.HAL_UART_RxCpltCallback) refers to sim7600.o(.data) for .data
    sim7600.o(i.HAL_UART_RxCpltCallback) refers to main.o(.bss) for huart4
    sim7600.o(i.HAL_UART_RxCpltCallback) refers to user.o(.data) for device_status
    sim7600.o(i.sim7600_config_https) refers to printfa.o(i.__0sprintf) for __2sprintf
    sim7600.o(i.sim7600_config_https) refers to strlen.o(.text) for strlen
    sim7600.o(i.sim7600_config_https) refers to stm32f4xx_hal_uart.o(i.HAL_UART_Transmit_IT) for HAL_UART_Transmit_IT
    sim7600.o(i.sim7600_config_https) refers to sim7600.o(.bss) for .bss
    sim7600.o(i.sim7600_config_https) refers to main.o(.bss) for huart4
    sim7600.o(i.sim7600_initialize) refers to stm32f4xx_hal_gpio.o(i.HAL_GPIO_WritePin) for HAL_GPIO_WritePin
    sim7600.o(i.sim7600_initialize) refers to stm32f4xx_hal.o(i.HAL_Delay) for HAL_Delay
    sim7600.o(i.sim7600_initialize) refers to user.o(.data) for device_status
    sim7600.o(i.sim7600_set_https_data) refers to printfa.o(i.__0sprintf) for __2sprintf
    sim7600.o(i.sim7600_set_https_data) refers to strlen.o(.text) for strlen
    sim7600.o(i.sim7600_set_https_data) refers to stm32f4xx_hal_uart.o(i.HAL_UART_Transmit_IT) for HAL_UART_Transmit_IT
    sim7600.o(i.sim7600_set_https_data) refers to memcpya.o(.text) for __aeabi_memcpy
    sim7600.o(i.sim7600_set_https_data) refers to sim7600.o(.bss) for .bss
    sim7600.o(i.sim7600_set_https_data) refers to main.o(.bss) for huart4
    sim7600.o(i.sim7600_set_https_data) refers to sim7600.o(.data) for .data
    sim7600.o(i.sim7600_set_sms_data) refers to printfa.o(i.__0sprintf) for __2sprintf
    sim7600.o(i.sim7600_set_sms_data) refers to strlen.o(.text) for strlen
    sim7600.o(i.sim7600_set_sms_data) refers to stm32f4xx_hal_uart.o(i.HAL_UART_Transmit_IT) for HAL_UART_Transmit_IT
    sim7600.o(i.sim7600_set_sms_data) refers to stm32f4xx_hal.o(i.HAL_Delay) for HAL_Delay
    sim7600.o(i.sim7600_set_sms_data) refers to memcpya.o(.text) for __aeabi_memcpy
    sim7600.o(i.sim7600_set_sms_data) refers to printfa.o(i.__0printf) for __2printf
    sim7600.o(i.sim7600_set_sms_data) refers to sim7600.o(.bss) for .bss
    sim7600.o(i.sim7600_set_sms_data) refers to main.o(.bss) for huart4
    sim7600.o(i.sim7600_set_sms_data) refers to sim7600.o(.data) for .data
    sim7600.o(i.sim7600_state_check) refers to printfa.o(i.__0sprintf) for __2sprintf
    sim7600.o(i.sim7600_state_check) refers to stm32f4xx_hal_uart.o(i.HAL_UART_Receive_IT) for HAL_UART_Receive_IT
    sim7600.o(i.sim7600_state_check) refers to strlen.o(.text) for strlen
[...]
    i.__0printf                              0x080027dc   Section        0  printfa.o(i.__0printf)
    i.__0sprintf                             0x080027fc   Section        0  printfa.o(i.__0sprintf)
    i.__NVIC_SetPriority                     0x08002824   Section        0  stm32f4xx_hal_cortex.o(i.__NVIC_SetPriority)
    __NVIC_SetPriority                       0x08002825   Thumb Code    32  stm32f4xx_hal_cortex.o(i.__NVIC_SetPriority)
    i.__scatterload_copy                     0x08002844   Section       14  handlers.o(i.__scatterload_copy)
    i.__scatterload_null                     0x08002852   Section        2  handlers.o(i.__scatterload_null)
    i.__scatterload_zeroinit                 0x08002854   Section       14  handlers.o(i.__scatterload_zeroinit)
    i._fp_digits                             0x08002864   Section        0  printfa.o(i._fp_digits)
    _fp_digits                               0x08002865   Thumb Code   366  printfa.o(i._fp_digits)
    i._printf_core                           0x080029e8   Section        0  printfa.o(i._printf_core)
    _printf_core                             0x080029e9   Thumb Code  1744  printfa.o(i._printf_core)
    i._printf_post_padding                   0x080030c4   Section        0  printfa.o(i._printf_post_padding)
    _printf_post_padding                     0x080030c5   Thumb Code    36  printfa.o(i._printf_post_padding)
    i._printf_pre_padding                    0x080030e8   Section        0  printfa.o(i._printf_pre_padding)
    _printf_pre_padding                      0x080030e9   Thumb Code    46  printfa.o(i._printf_pre_padding)
    i._sputc                                 0x08003116   Section        0  printfa.o(i._sputc)
    _sputc                                   0x08003117   Thumb Code    10  printfa.o(i._sputc)
    i.can_com_initialize                     0x08003120   Section        0  user.o(i.can_com_initialize)
    i.can_com_send_data                      0x08003150   Section        0  user.o(i.can_com_send_data)
    i.can_com_task_fun                       0x080031b0   Section        0  main.o(i.can_com_task_fun)
    i.can_com_task_handle                    0x080031d0   Section        0  user.o(i.can_com_task_handle)
    i.fputc                                  0x080033dc   Section        0  main.o(i.fputc)
    i.main                                   0x080033f4   Section        0  main.o(i.main)
    i.osDelay                                0x080034c8   Section        0  cmsis_os2.o(i.osDelay)
    i.osKernelInitialize                     0x080034e8   Section        0  cmsis_os2.o(i.osKernelInitialize)
    i.osKernelStart                          0x08003510   Section        0  cmsis_os2.o(i.osKernelStart)
    i.osSemaphoreAcquire                     0x08003548   Section        0  cmsis_os2.o(i.osSemaphoreAcquire)
    i.osSemaphoreNew                         0x080035b0   Section        0  cmsis_os2.o(i.osSemaphoreNew)
    i.osSemaphoreRelease                     0x08003664   Section        0  cmsis_os2.o(i.osSemaphoreRelease)
    i.osThreadNew                            0x080036bc   Section        0  cmsis_os2.o(i.osThreadNew)
    i.prvAddCurrentTaskToDelayedList         0x08003778   Section        0  tasks.o(i.prvAddCurrentTaskToDelayedList)
    prvAddCurrentTaskToDelayedList           0x08003779   Thumb Code    88  tasks.o(i.prvAddCurrentTaskToDelayedList)
    i.prvAddNewTaskToReadyList               0x080037d8   Section        0  tasks.o(i.prvAddNewTaskToReadyList)
    prvAddNewTaskToReadyList                 0x080037d9   Thumb Code   124  tasks.o(i.prvAddNewTaskToReadyList)
    i.prvCheckForValidListAndQueue           0x08003860   Section        0  timers.o(i.prvCheckForValidListAndQueue)
    prvCheckForValidListAndQueue             0x08003861   Thumb Code    68  timers.o(i.prvCheckForValidListAndQueue)
    i.prvCheckTasksWaitingTermination        0x080038bc   Section        0  tasks.o(i.prvCheckTasksWaitingTermination)
    prvCheckTasksWaitingTermination          0x080038bd   Thumb Code    56  tasks.o(i.prvCheckTasksWaitingTermination)
    i.prvCopyDataFromQueue                   0x080038fc   Section        0  queue.o(i.prvCopyDataFromQueue)
    prvCopyDataFromQueue                     0x080038fd   Thumb Code    36  queue.o(i.prvCopyDataFromQueue)
    i.prvCopyDataToQueue                     0x08003920   Section        0  queue.o(i.prvCopyDataToQueue)
    prvCopyDataToQueue                       0x08003921   Thumb Code   110  queue.o(i.prvCopyDataToQueue)
    i.prvDeleteTCB                           0x0800398e   Section        0  tasks.o(i.prvDeleteTCB)
    prvDeleteTCB                             0x0800398f   Thumb Code    64  tasks.o(i.prvDeleteTCB)
    i.prvGetDisinheritPriorityAfterTimeout   0x080039ce   Section        0  queue.o(i.prvGetDisinheritPriorityAfterTimeout)
    prvGetDisinheritPriorityAfterTimeout     0x080039cf   Thumb Code    20  queue.o(i.prvGetDisinheritPriorityAfterTimeout)
    i.prvGetNextExpireTime                   0x080039e4   Section        0  timers.o(i.prvGetNextExpireTime)
    prvGetNextExpireTime                     0x080039e5   Thumb Code    30  timers.o(i.prvGetNextExpireTime)
    i.prvHeapInit                            0x08003a08   Section        0  heap_4.o(i.prvHeapInit)
    prvHeapInit                              0x08003a09   Thumb Code    70  heap_4.o(i.prvHeapInit)
    i.prvIdleTask                            0x08003a58   Section        0  tasks.o(i.prvIdleTask)
    prvIdleTask                              0x08003a59   Thumb Code    30  tasks.o(i.prvIdleTask)
    i.prvInitialiseNewQueue                  0x08003a80   Section        0  queue.o(i.prvInitialiseNewQueue)
    prvInitialiseNewQueue                    0x08003a81   Thumb Code    34  queue.o(i.prvInitialiseNewQueue)
    i.prvInitialiseNewTask                   0x08003aa2   Section        0  tasks.o(i.prvInitialiseNewTask)
    prvInitialiseNewTask                     0x08003aa3   Thumb Code   148  tasks.o(i.prvInitialiseNewTask)
    i.prvInitialiseTaskLists                 0x08003b38   Section        0  tasks.o(i.prvInitialiseTaskLists)
    prvInitialiseTaskLists                   0x08003b39   Thumb Code    66  tasks.o(i.prvInitialiseTaskLists)
    i.prvInsertBlockIntoFreeList             0x08003b98   Section        0  heap_4.o(i.prvInsertBlockIntoFreeList)
    prvInsertBlockIntoFreeList               0x08003b99   Thumb Code    84  heap_4.o(i.prvInsertBlockIntoFreeList)
    i.prvInsertTimerInActiveList             0x08003bf4   Section        0  timers.o(i.prvInsertTimerInActiveList)
    prvInsertTimerInActiveList               0x08003bf5   Thumb Code    66  timers.o(i.prvInsertTimerInActiveList)
    i.prvIsQueueEmpty                        0x08003c3c   Section        0  queue.o(i.prvIsQueueEmpty)
    prvIsQueueEmpty                          0x08003c3d   Thumb Code    26  queue.o(i.prvIsQueueEmpty)
    i.prvIsQueueFull                         0x08003c56   Section        0  queue.o(i.prvIsQueueFull)
    prvIsQueueFull                           0x08003c57   Thumb Code    30  queue.o(i.prvIsQueueFull)
    i.prvProcessExpiredTimer                 0x08003c74   Section        0  timers.o(i.prvProcessExpiredTimer)
    prvProcessExpiredTimer                   0x08003c75   Thumb Code   100  timers.o(i.prvProcessExpiredTimer)
    i.prvProcessReceivedCommands             0x08003cdc   Section        0  timers.o(i.prvProcessReceivedCommands)
    prvProcessReceivedCommands               0x08003cdd   Thumb Code   268  timers.o(i.prvProcessReceivedCommands)
    i.prvProcessTimerOrBlockTask             0x08003dec   Section        0  timers.o(i.prvProcessTimerOrBlockTask)
    prvProcessTimerOrBlockTask               0x08003ded   Thumb Code   100  timers.o(i.prvProcessTimerOrBlockTask)
    i.prvResetNextTaskUnblockTime            0x08003e58   Section        0  tasks.o(i.prvResetNextTaskUnblockTime)
    prvResetNextTaskUnblockTime              0x08003e59   Thumb Code    30  tasks.o(i.prvResetNextTaskUnblockTime)
    i.prvSampleTimeNow                       0x08003e7c   Section        0  timers.o(i.prvSampleTimeNow)
    prvSampleTimeNow                         0x08003e7d   Thumb Code    38  timers.o(i.prvSampleTimeNow)
    i.prvSwitchTimerLists                    0x08003ea8   Section        0  timers.o(i.prvSwitchTimerLists)
    prvSwitchTimerLists                      0x08003ea9   Thumb Code   116  timers.o(i.prvSwitchTimerLists)
    i.prvTaskExitError                       0x08003f20   Section        0  port.o(i.prvTaskExitError)
    prvTaskExitError                         0x08003f21   Thumb Code    42  port.o(i.prvTaskExitError)
    i.prvTimerTask                           0x08003f50   Section        0  timers.o(i.prvTimerTask)
    prvTimerTask                             0x08003f51   Thumb Code    20  timers.o(i.prvTimerTask)
    i.prvUnlockQueue                         0x08003f64   Section        0  queue.o(i.prvUnlockQueue)
    prvUnlockQueue                           0x08003f65   Thumb Code   104  queue.o(i.prvUnlockQueue)
    i.pvPortMalloc                           0x08003fcc   Section        0  heap_4.o(i.pvPortMalloc)
    i.pvTaskIncrementMutexHeldCount          0x080040b4   Section        0  tasks.o(i.pvTaskIncrementMutexHeldCount)
    i.pxPortInitialiseStack                  0x080040cc   Section        0  port.o(i.pxPortInitialiseStack)
    i.sim7600_initialize                     0x080040f8   Section        0  sim7600.o(i.sim7600_initialize)
    i.sim7600_set_https_data                 0x08004128   Section        0  sim7600.o(i.sim7600_set_https_data)
    i.sim7600_set_sms_data                   0x08004274   Section        0  sim7600.o(i.sim7600_set_sms_data)
    i.sim7600_state_check                    0x08004358   Section        0  sim7600.o(i.sim7600_state_check)
    i.sim7600_task_fun                       0x080043bc   Section        0  main.o(i.sim7600_task_fun)
    i.sim7600_task_handle                    0x080043dc   Section        0  user.o(i.sim7600_task_handle)
    i.user_btn_event                         0x0800440c   Section        0  user.o(i.user_btn_event)
    i.uxListRemove                           0x0800442c   Section        0  list.o(i.uxListRemove)
    i.vApplicationGetIdleTaskMemory          0x08004454   Section        0  cmsis_os2.o(i.vApplicationGetIdleTaskMemory)
    i.vApplicationGetTimerTaskMemory         0x08004468   Section        0  cmsis_os2.o(i.vApplicationGetTimerTaskMemory)
    i.vListInitialise                        0x08004480   Section        0  list.o(i.vListInitialise)
    i.vListInitialiseItem                    0x08004496   Section        0  list.o(i.vListInitialiseItem)
    i.vListInsert                            0x0800449c   Section        0  list.o(i.vListInsert)
    i.vListInsertEnd                         0x080044d2   Section        0  list.o(i.vListInsertEnd)
    i.vPortEnterCritical                     0x080044ec   Section        0  port.o(i.vPortEnterCritical)
    i.vPortExitCritical                      0x0800452c   Section        0  port.o(i.vPortExitCritical)
    i.vPortFree                              0x08004558   Section        0  heap_4.o(i.vPortFree)
    i.vPortSetupTimerInterrupt               0x080045bc   Section        0  port.o(i.vPortSetupTimerInterrupt)
    i.vPortValidateInterruptPriority         0x080045e0   Section        0  port.o(i.vPortValidateInterruptPriority)
    i.vQueueAddToRegistry                    0x08004634   Section        0  queue.o(i.vQueueAddToRegistry)
    i.vQueueDelete                           0x0800465c   Section        0  queue.o(i.vQueueDelete)
    i.vQueueUnregisterQueue                  0x08004690   Section        0  queue.o(i.vQueueUnregisterQueue)
    i.vQueueWaitForMessageRestricted         0x080046b8   Section        0  queue.o(i.vQueueWaitForMessageRestricted)
    i.vTaskDelay                             0x08004704   Section        0  tasks.o(i.vTaskDelay)
    i.vTaskInternalSetTimeOutState           0x08004754   Section        0  tasks.o(i.vTaskInternalSetTimeOutState)
    i.vTaskMissedYield                       0x08004764   Section        0  tasks.o(i.vTaskMissedYield)
    i.vTaskPlaceOnEventList                  0x08004770   Section        0  tasks.o(i.vTaskPlaceOnEventList)
    i.vTaskPlaceOnEventListRestricted        0x080047a4   Section        0  tasks.o(i.vTaskPlaceOnEventListRestricted)
    i.vTaskPriorityDisinheritAfterTimeout    0x080047e0   Section        0  tasks.o(i.vTaskPriorityDisinheritAfterTimeout)
    i.vTaskStartScheduler                    0x08004874   Section        0  tasks.o(i.vTaskStartScheduler)
    i.vTaskSuspendAll                        0x08004904   Section        0  tasks.o(i.vTaskSuspendAll)
    i.vTaskSwitchContext                     0x08004914   Section        0  tasks.o(i.vTaskSwitchContext)
    i.xPortStartScheduler                    0x08004980   Section        0  port.o(i.xPortStartScheduler)
    i.xPortSysTickHandler                    0x08004a84   Section        0  port.o(i.xPortSysTickHandler)
    i.xQueueCreateCountingSemaphore          0x08004ab0   Section        0  queue.o(i.xQueueCreateCountingSemaphore)
    i.xQueueCreateCountingSemaphoreStatic    0x08004aec   Section        0  queue.o(i.xQueueCreateCountingSemaphoreStatic)
    i.xQueueGenericCreate                    0x08004b2e   Section        0  queue.o(i.xQueueGenericCreate)
    i.xQueueGenericCreateStatic              0x08004b72   Section        0  queue.o(i.xQueueGenericCreateStatic)
    i.xQueueGenericReset                     0x08004be4   Section        0  queue.o(i.xQueueGenericReset)
    i.xQueueGenericSend                      0x08004c74   Section        0  queue.o(i.xQueueGenericSend)
    i.xQueueGenericSendFromISR               0x08004de4   Section        0  queue.o(i.xQueueGenericSendFromISR)
    i.xQueueGiveFromISR                      0x08004ea2   Section        0  queue.o(i.xQueueGiveFromISR)
    i.xQueueReceive                          0x08004f44   Section        0  queue.o(i.xQueueReceive)
    i.xQueueReceiveFromISR                   0x0800508c   Section        0  queue.o(i.xQueueReceiveFromISR)
    i.xQueueSemaphoreTake                    0x08005128   Section        0  queue.o(i.xQueueSemaphoreTake)
    i.xTaskCheckForTimeOut                   0x080052ac   Section        0  tasks.o(i.xTaskCheckForTimeOut)
    i.xTaskCreate                            0x0800532c   Section        0  tasks.o(i.xTaskCreate)
    i.xTaskCreateStatic                      0x08005398   Section        0  tasks.o(i.xTaskCreateStatic)
    i.xTaskGetSchedulerState                 0x080053f8   Section        0  tasks.o(i.xTaskGetSchedulerState)
    i.xTaskGetTickCount                      0x08005414   Section        0  tasks.o(i.xTaskGetTickCount)
    i.xTaskIncrementTick                     0x08005420   Section        0  tasks.o(i.xTaskIncrementTick)
    i.xTaskPriorityDisinherit                0x080054ec   Section        0  tasks.o(i.xTaskPriorityDisinherit)
    i.xTaskPriorityInherit                   0x0800556c   Section        0  tasks.o(i.xTaskPriorityInherit)
    i.xTaskRemoveFromEventList               0x080055ec   Section        0  tasks.o(i.xTaskRemoveFromEventList)
    i.xTaskResumeAll                         0x08005664   Section        0  tasks.o(i.xTaskResumeAll)
    i.xTimerCreateTimerTask                  0x08005730   Section        0  timers.o(i.xTimerCreateTimerTask)
    i.xTimerGenericCommand                   0x08005798   Section        0  timers.o(i.xTimerGenericCommand)
    .constdata                               0x0800580c   Section      104  main.o(.constdata)
    .constdata                               0x08005874   Section       16  system_stm32f4xx.o(.constdata)
    .constdata                               0x08005884   Section        8  system_stm32f4xx.o(.constdata)
    .conststring                             0x0800588c   Section       61  main.o(.conststring)
    .data                                    0x20000000   Section      118  sim7600.o(.data)
    .data                                    0x20000078   Section       28  user.o(.data)
    .data                                    0x20000094   Section       16  main.o(.data)
    .data                                    0x200000a4   Section       12  stm32f4xx_hal.o(.data)
    .data                                    0x200000b0   Section        4  system_stm32f4xx.o(.data)
    .data                                    0x200000b4   Section       60  tasks.o(.data)
    uxDeletedTasksWaitingCleanUp             0x200000b8   Data           4  tasks.o(.data)
    uxCurrentNumberOfTasks                   0x200000bc   Data           4  tasks.o(.data)
    xTickCount                               0x200000c0   Data           4  tasks.o(.data)
    uxTopReadyPriority                       0x200000c4   Data           4  tasks.o(.data)
    xSchedulerRunning                        0x200000c8   Data           4  tasks.o(.data)
    xPendedTicks                             0x200000cc   Data           4  tasks.o(.data)
    xYieldPending                            0x200000d0   Data           4  tasks.o(.data)
    xNumOfOverflows                          0x200000d4   Data           4  tasks.o(.data)
    uxTaskNumber                             0x200000d8   Data           4  tasks.o(.data)
    xNextTaskUnblockTime                     0x200000dc   Data           4  tasks.o(.data)
    xIdleTaskHandle                          0x200000e0   Data           4  tasks.o(.data)
    uxSchedulerSuspended                     0x200000e4   Data           4  tasks.o(.data)
    pxDelayedTaskList                        0x200000e8   Data           4  tasks.o(.data)
    pxOverflowDelayedTaskList                0x200000ec   Data           4  tasks.o(.data)
    .data                                    0x200000f0   Section       20  timers.o(.data)
    xTimerQueue                              0x200000f0   Data           4  timers.o(.data)
    xTimerTaskHandle                         0x200000f4   Data           4  timers.o(.data)
    xLastTime                                0x200000f8   Data           4  timers.o(.data)
    pxCurrentTimerList                       0x200000fc   Data           4  timers.o(.data)
    pxOverflowTimerList                      0x20000100   Data           4  timers.o(.data)
    .data                                    0x20000104   Section        4  cmsis_os2.o(.data)
    KernelState                              0x20000104   Data           4  cmsis_os2.o(.data)
    .data                                    0x20000108   Section       32  heap_4.o(.data)
    pxEnd                                    0x20000108   Data           4  heap_4.o(.data)
    xFreeBytesRemaining                      0x2000010c   Data           4  heap_4.o(.data)
    xMinimumEverFreeBytesRemaining           0x20000110   Data           4  heap_4.o(.data)
    xNumberOfSuccessfulAllocations           0x20000114   Data           4  heap_4.o(.data)
    xNumberOfSuccessfulFrees                 0x20000118   Data           4  heap_4.o(.data)
    xBlockAllocatedBit                       0x2000011c   Data           4  heap_4.o(.data)
    xStart                                   0x20000120   Data           8  heap_4.o(.data)
    .data                                    0x20000128   Section       12  port.o(.data)
    ucMaxSysCallPriority                     0x20000128   Data           1  port.o(.data)
    uxCriticalNesting                        0x2000012c   Data           4  port.o(.data)
    ulMaxPRIGROUPValue                       0x20000130   Data           4  port.o(.data)
    .data                                    0x20000134   Section        4  stdout.o(.data)
    .bss                                     0x20000138   Section      160  sim7600.o(.bss)
    .bss                                     0x200001d8   Section     8250  user.o(.bss)
    .bss                                     0x20002214   Section      216  main.o(.bss)
    .bss                                     0x200022ec   Section       72  stm32f4xx_hal_timebase_tim.o(.bss)
    .bss                                     0x20002334   Section       64  queue.o(.bss)
    .bss                                     0x20002374   Section     1220  tasks.o(.bss)
    pxReadyTasksLists                        0x20002374   Data        1120  tasks.o(.bss)
    xDelayedTaskList1                        0x200027d4   Data          20  tasks.o(.bss)
    xDelayedTaskList2                        0x200027e8   Data          20  tasks.o(.bss)
    xPendingReadyList                        0x200027fc   Data          20  tasks.o(.bss)
    xTasksWaitingTermination                 0x20002810   Data          20  tasks.o(.bss)
    xSuspendedTaskList                       0x20002824   Data          20  tasks.o(.bss)
    .bss                                     0x20002838   Section      280  timers.o(.bss)
    xStaticTimerQueue                        0x20002838   Data          80  timers.o(.bss)
    ucStaticTimerQueueStorage                0x20002888   Data         160  timers.o(.bss)
    xActiveTimerList1                        0x20002928   Data          20  timers.o(.bss)
    xActiveTimerList2                        0x2000293c   Data          20  timers.o(.bss)
    .bss                                     0x20002950   Section     1720  cmsis_os2.o(.bss)
    Idle_TCB                                 0x20002950   Data          92  cmsis_os2.o(.bss)
    Idle_Stack                               0x200029ac   Data         512  cmsis_os2.o(.bss)
    Timer_TCB                                0x20002bac   Data          92  cmsis_os2.o(.bss)
    Timer_Stack                              0x20002c08   Data        1024  cmsis_os2.o(.bss)
    .bss                                     0x20003008   Section    15360  heap_4.o(.bss)
    ucHeap                                   0x20003008   Data       15360  heap_4.o(.bss)
    STACK                                    0x20006c08   Section     1024  startup_stm32f407xx.o(STACK)

    Global Symbols

    Symbol Name                              Value     Ov Type        Size  Object(Section)

    BuildAttributes$$THM_ISAv4$E$P$D$K$B$S$7EM$VFPi3$EXTD16$VFPS$VFMA$PE$A:L22UL41UL21$X:L11$S22US41US21$IEEE1$IW$USESV6$~STKCKD$USESV7$~SHL$OTIME$ROPI$EBA8$MICROLIB$REQ8$PRES8$EABIv2 0x00000000   Number         0  anon$$obj.o ABSOLUTE
    __ARM_use_no_argv                        0x00000000   Number         0  main.o ABSOLUTE
    _printf_a                                0x00000000   Number         0  stubs.o ABSOLUTE
    _printf_c                                0x00000000   Number         0  stubs.o ABSOLUTE
    _printf_charcount                        0x00000000   Number         0  stubs.o ABSOLUTE
    _printf_d                                0x00000000   Number         0  stubs.o ABSOLUTE
    _printf_e                                0x00000000   Number         0  stubs.o ABSOLUTE
    _printf_f                                0x00000000   Number         0  stubs.o ABSOLUTE
    _printf_flags                            0x00000000   Number         0  stubs.o ABSOLUTE
    _printf_fp_dec                           0x00000000   Number         0  stubs.o ABSOLUTE
    _printf_fp_hex                           0x00000000   Number         0  stubs.o ABSOLUTE
    _printf_g                                0x00000000   Number         0  stubs.o ABSOLUTE
    _printf_i                                0x00000000   Number         0  stubs.o ABSOLUTE
    _printf_int_dec                          0x00000000   Number         0  stubs.o ABSOLUTE
    _printf_l                                0x00000000   Number         0  stubs.o ABSOLUTE
    _printf_lc                               0x00000000   Number         0  stubs.o ABSOLUTE
    _printf_ll                               0x00000000   Number         0  stubs.o ABSOLUTE
    _printf_lld                              0x00000000   Number         0  stubs.o ABSOLUTE
    _printf_lli                              0x00000000   Number         0  stubs.o ABSOLUTE
    _printf_llo                              0x00000000   Number         0  stubs.o ABSOLUTE
    _printf_llu                              0x00000000   Number         0  stubs.o ABSOLUTE
    _printf_llx                              0x00000000   Number         0  stubs.o ABSOLUTE
    _printf_longlong_dec                     0x00000000   Number         0  stubs.o ABSOLUTE
    _printf_longlong_hex                     0x00000000   Number         0  stubs.o ABSOLUTE
    _printf_longlong_oct                     0x00000000   Number         0  stubs.o ABSOLUTE
    _printf_ls                               0x00000000   Number         0  stubs.o ABSOLUTE
    _printf_mbtowc                           0x00000000   Number         0  stubs.o ABSOLUTE
    _printf_n                                0x00000000   Number         0  stubs.o ABSOLUTE
    _printf_o                                0x00000000   Number         0  stubs.o ABSOLUTE
    _printf_p                                0x00000000   Number         0  stubs.o ABSOLUTE
    _printf_percent                          0x00000000   Number         0  stubs.o ABSOLUTE
    _printf_pre_padding                      0x00000000   Number         0  stubs.o ABSOLUTE
    _printf_return_value                     0x00000000   Number         0  stubs.o ABSOLUTE
    _printf_s                                0x00000000   Number         0  stubs.o ABSOLUTE
    _printf_sizespec                         0x00000000   Number         0  stubs.o ABSOLUTE
    _printf_str                              0x00000000   Number         0  stubs.o ABSOLUTE
    _printf_truncate_signed                  0x00000000   Number         0  stubs.o ABSOLUTE
    _printf_truncate_unsigned                0x00000000   Number         0  stubs.o ABSOLUTE
    _printf_u                                0x00000000   Number         0  stubs.o ABSOLUTE
    _printf_wc                               0x00000000   Number         0  stubs.o ABSOLUTE
    _printf_wctomb                           0x00000000   Number         0  stubs.o ABSOLUTE
    _printf_widthprec                        0x00000000   Number         0  stubs.o ABSOLUTE
    _printf_x                                0x00000000   Number         0  stubs.o ABSOLUTE
    __cpp_initialize__aeabi_                  - Undefined Weak Reference
    __cxa_finalize                            - Undefined Weak Reference
    _clock_init                               - Undefined Weak Reference
    _microlib_exit                            - Undefined Weak Reference
    __Vectors_Size                           0x00000188   Number         0  startup_stm32f407xx.o ABSOLUTE
    __Vectors                                0x08000000   Data           4  startup_stm32f407xx.o(RESET)
    __Vectors_End                            0x08000188   Data           0  startup_stm32f407xx.o(RESET)
    __main                                   0x08000189   Thumb Code     0  entry.o(.ARM.Collect$$$$00000000)
    _main_stk                                0x08000189   Thumb Code     0  entry2.o(.ARM.Collect$$$$00000001)
    _main_scatterload                        0x0800018d   Thumb Code     0  entry5.o(.ARM.Collect$$$$00000004)
    __main_after_scatterload                 0x08000191   Thumb Code     0  entry5.o(.ARM.Collect$$$$00000004)
    _main_clock                              0x08000191   Thumb Code     0  entry7b.o(.ARM.Collect$$$$00000008)
    _main_cpp_init                           0x08000191   Thumb Code     0  entry8b.o(.ARM.Collect$$$$0000000A)
    _main_init                               0x08000191   Thumb Code     0  entry9a.o(.ARM.Collect$$$$0000000B)
    __rt_final_cpp                           0x08000199   Thumb Code     0  entry10a.o(.ARM.Collect$$$$0000000D)
    __rt_final_exit                          0x08000199   Thumb Code     0  entry11a.o(.ARM.Collect$$$$0000000F)
    SVC_Handler                              0x0800019d   Thumb Code    28  port.o(.emb_text)
    __asm___6_port_c_39a90d8d__prvStartFirstTask 0x080001bd   Thumb Code    36  port.o(.emb_text)
    __asm___6_port_c_39a90d8d__prvEnableVFP  0x080001e5   Thumb Code    16  port.o(.emb_text)
    PendSV_Handler                           0x080001f9   Thumb Code    88  port.o(.emb_text)
    vPortGetIPSR                             0x08000255   Thumb Code     6  port.o(.emb_text)
    Reset_Handler                            0x0800025d   Thumb Code     8  startup_stm32f407xx.o(.text)
    ADC_IRQHandler                           0x08000277   Thumb Code     0  startup_stm32f407xx.o(.text)
    CAN2_RX0_IRQHandler                      0x08000277   Thumb Code     0  startup_stm32f407xx.o(.text)
    CAN2_RX1_IRQHandler                      0x08000277   Thumb Code     0  startup_stm32f407xx.o(.text)
    CAN2_SCE_IRQHandler                      0x08000277   Thumb Code     0  startup_stm32f407xx.o(.text)
    CAN2_TX_IRQHandler                       0x08000277   Thumb Code     0  startup_stm32f407xx.o(.text)
    DCMI_IRQHandler                          0x08000277   Thumb Code     0  startup_stm32f407xx.o(.text)
    DMA1_Stream0_IRQHandler                  0x08000277   Thumb Code     0  startup_stm32f407xx.o(.text)
    DMA1_Stream1_IRQHandler                  0x08000277   Thumb Code     0  startup_stm32f407xx.o(.text)
    DMA1_Stream2_IRQHandler                  0x08000277   Thumb Code     0  startup_stm32f407xx.o(.text)
    DMA1_Stream3_IRQHandler                  0x08000277   Thumb Code     0  startup_stm32f407xx.o(.text)
    DMA1_Stream4_IRQHandler                  0x08000277   Thumb Code     0  startup_stm32f407xx.o(.text)
    DMA1_Stream5_IRQHandler                  0x08000277   Thumb Code     0  startup_stm32f407xx.o(.text)
    DMA1_Stream6_IRQHandler                  0x08000277   Thumb Code     0  startup_stm32f407xx.o(.text)
    DMA1_Stream7_IRQHandler                  0x08000277   Thumb Code     0  startup_stm32f407xx.o(.text)
    DMA2_Stream0_IRQHandler                  0x08000277   Thumb Code     0  startup_stm32f407xx.o(.text)
    DMA2_Stream1_IRQHandler                  0x08000277   Thumb Code     0  startup_stm32f407xx.o(.text)
    DMA2_Stream2_IRQHandler                  0x08000277   Thumb Code     0  startup_stm32f407xx.o(.text)
    DMA2_Stream3_IRQHandler                  0x08000277   Thumb Code     0  startup_stm32f407xx.o(.text)
    DMA2_Stream4_IRQHandler                  0x08000277   Thumb Code     0  startup_stm32f407xx.o(.text)
    DMA2_Stream5_IRQHandler                  0x08000277   Thumb Code     0  startup_stm32f407xx.o(.text)
    DMA2_Stream6_IRQHandler                  0x08000277   Thumb Code     0  startup_stm32f407xx.o(.text)
    DMA2_Stream7_IRQHandler                  0x08000277   Thumb Code     0  startup_stm32f407xx.o(.text)
    ETH_IRQHandler                           0x08000277   Thumb Code     0  startup_stm32f407xx.o(.text)
    ETH_WKUP_IRQHandler                      0x08000277   Thumb Code     0  startup_stm32f407xx.o(.text)
    EXTI0_IRQHandler                         0x08000277   Thumb Code     0  startup_stm32f407xx.o(.text)
    EXTI15_10_IRQHandler                     0x08000277   Thumb Code     0  startup_stm32f407xx.o(.text)
    EXTI1_IRQHandler                         0x08000277   Thumb Code     0  startup_stm32f407xx.o(.text)
    EXTI2_IRQHandler                         0x08000277   Thumb Code     0  startup_stm32f407xx.o(.text)
    EXTI4_IRQHandler                         0x08000277   Thumb Code     0  startup_stm32f407xx.o(.text)
    EXTI9_5_IRQHandler                       0x08000277   Thumb Code     0  startup_stm32f407xx.o(.text)
    FLASH_IRQHandler                         0x08000277   Thumb Code     0  startup_stm32f407xx.o(.text)
    FMC_IRQHandler                           0x08000277   Thumb Code     0  startup_stm32f407xx.o(.text)
    FPU_IRQHandler                           0x08000277   Thumb Code     0  startup_stm32f407xx.o(.text)
    HASH_RNG_IRQHandler                      0x08000277   Thumb Code     0  startup_stm32f407xx.o(.text)
    I2C1_ER_IRQHandler                       0x08000277   Thumb Code     0  startup_stm32f407xx.o(.text)
    I2C1_EV_IRQHandler                       0x08000277   Thumb Code     0  startup_stm32f407xx.o(.text)
    I2C2_ER_IRQHandler                       0x08000277   Thumb Code     0  startup_stm32f407xx.o(.text)
    I2C2_EV_IRQHandler                       0x08000277   Thumb Code     0  startup_stm32f407xx.o(.text)
    I2C3_ER_IRQHandler                       0x08000277   Thumb Code     0  startup_stm32f407xx.o(.text)
    I2C3_EV_IRQHandler                       0x08000277   Thumb Code     0  startup_stm32f407xx.o(.text)
    OTG_FS_IRQHandler                        0x08000277   Thumb Code     0  startup_stm32f407xx.o(.text)
    OTG_FS_WKUP_IRQHandler                   0x08000277   Thumb Code     0  startup_stm32f407xx.o(.text)
    OTG_HS_EP1_IN_IRQHandler                 0x08000277   Thumb Code     0  startup_stm32f407xx.o(.text)
    OTG_HS_EP1_OUT_IRQHandler                0x08000277   Thumb Code     0  startup_stm32f407xx.o(.text)
    OTG_HS_IRQHandler                        0x08000277   Thumb Code     0  startup_stm32f407xx.o(.text)
    OTG_HS_WKUP_IRQHandler                   0x08000277   Thumb Code     0  startup_stm32f407xx.o(.text)
    PVD_IRQHandler                           0x08000277   Thumb Code     0  startup_stm32f407xx.o(.text)
    RCC_IRQHandler                           0x08000277   Thumb Code     0  startup_stm32f407xx.o(.text)
    RTC_Alarm_IRQHandler                     0x08000277   Thumb Code     0  startup_stm32f407xx.o(.text)
    RTC_WKUP_IRQHandler                      0x08000277   Thumb Code     0  startup_stm32f407xx.o(.text)
    SDIO_IRQHandler                          0x08000277   Thumb Code     0  startup_stm32f407xx.o(.text)
    SPI1_IRQHandler                          0x08000277   Thumb Code     0  startup_stm32f407xx.o(.text)
    SPI2_IRQHandler                          0x08000277   Thumb Code     0  startup_stm32f407xx.o(.text)
    SPI3_IRQHandler                          0x08000277   Thumb Code     0  startup_stm32f407xx.o(.text)
    TAMP_STAMP_IRQHandler                    0x08000277   Thumb Code     0  startup_stm32f407xx.o(.text)
    TIM1_BRK_TIM9_IRQHandler                 0x08000277   Thumb Code     0  startup_stm32f407xx.o(.text)
    TIM1_CC_IRQHandler                       0x08000277   Thumb Code     0  startup_stm32f407xx.o(.text)
    TIM1_TRG_COM_TIM11_IRQHandler            0x08000277   Thumb Code     0  startup_stm32f407xx.o(.text)
    TIM1_UP_TIM10_IRQHandler                 0x08000277   Thumb Code     0  startup_stm32f407xx.o(.text)
    TIM2_IRQHandler                          0x08000277   Thumb Code     0  startup_stm32f407xx.o(.text)
    TIM3_IRQHandler                          0x08000277   Thumb Code     0  startup_stm32f407xx.o(.text)
    TIM4_IRQHandler                          0x08000277   Thumb Code     0  startup_stm32f407xx.o(.text)
    TIM5_IRQHandler                          0x08000277   Thumb Code     0  startup_stm32f407xx.o(.text)
    TIM7_IRQHandler                          0x08000277   Thumb Code     0  startup_stm32f407xx.o(.text)
    TIM8_BRK_TIM12_IRQHandler                0x08000277   Thumb Code     0  startup_stm32f407xx.o(.text)
    TIM8_CC_IRQHandler                       0x08000277   Thumb Code     0  startup_stm32f407xx.o(.text)
    TIM8_TRG_COM_TIM14_IRQHandler            0x08000277   Thumb Code     0  startup_stm32f407xx.o(.text)
    TIM8_UP_TIM13_IRQHandler                 0x08000277   Thumb Code     0  startup_stm32f407xx.o(.text)
    UART5_IRQHandler                         0x08000277   Thumb Code     0  startup_stm32f407xx.o(.text)
    USART1_IRQHandler                        0x08000277   Thumb Code     0  startup_stm32f407xx.o(.text)
    USART2_IRQHandler                        0x08000277   Thumb Code     0  startup_stm32f407xx.o(.text)
    USART3_IRQHandler                        0x08000277   Thumb Code     0  startup_stm32f407xx.o(.text)
    USART6_IRQHandler                        0x08000277   Thumb Code     0  startup_stm32f407xx.o(.text)
    WWDG_IRQHandler                          0x08000277   Thumb Code     0  startup_stm32f407xx.o(.text)
    __aeabi_uldivmod                         0x08000281   Thumb Code    98  uldiv.o(.text)
    __aeabi_memcpy                           0x080002e3   Thumb Code    36  memcpya.o(.text)
    __aeabi_memcpy4                          0x080002e3   Thumb Code     0  memcpya.o(.text)
    __aeabi_memcpy8                          0x080002e3   Thumb Code     0  memcpya.o(.text)
    __aeabi_memset                           0x08000307   Thumb Code    14  memseta.o(.text)
    __aeabi_memset4                          0x08000307   Thumb Code     0  memseta.o(.text)
    __aeabi_memset8                          0x08000307   Thumb Code     0  memseta.o(.text)
    __aeabi_memclr                           0x08000315   Thumb Code     4  memseta.o(.text)
    __aeabi_memclr4                          0x08000315   Thumb Code     0  memseta.o(.text)
    __aeabi_memclr8                          0x08000315   Thumb Code     0  memseta.o(.text)
    memset                                   0x08000319   Thumb Code    18  memseta.o(.text)
    strstr                                   0x0800032b   Thumb Code    36  strstr.o(.text)
    strlen                                   0x0800034f   Thumb Code    14  strlen.o(.text)
    __aeabi_uidiv                            0x0800035d   Thumb Code     0  uidiv.o(.text)
    __aeabi_uidivmod                         0x0800035d   Thumb Code    44  uidiv.o(.text)
    __aeabi_llsl                             0x08000389   Thumb Code    30  llshl.o(.text)
    _ll_shift_l                              0x08000389   Thumb Code     0  llshl.o(.text)
    __aeabi_llsr                             0x080003a7   Thumb Code    32  llushr.o(.text)
    _ll_ushift_r                             0x080003a7   Thumb Code     0  llushr.o(.text)
    __I$use$fp                               0x080003c7   Thumb Code     0  iusefp.o(.text)
    __aeabi_dadd                             0x080003c7   Thumb Code   322  dadd.o(.text)
    __aeabi_dsub                             0x08000509   Thumb Code     6  dadd.o(.text)
    __aeabi_drsub                            0x0800050f   Thumb Code     6  dadd.o(.text)
    __aeabi_dmul                             0x08000515   Thumb Code   228  dmul.o(.text)
    __aeabi_ddiv                             0x080005f9   Thumb Code   222  ddiv.o(.text)
    __aeabi_d2ulz                            0x080006d7   Thumb Code    48  dfixul.o(.text)
    __aeabi_cdrcmple                         0x08000709   Thumb Code    48  cdrcmple.o(.text)
    __scatterload                            0x08000739   Thumb Code    28  init.o(.text)
    __scatterload_rt2                        0x08000739   Thumb Code     0  init.o(.text)
    __aeabi_lasr                             0x0800075d   Thumb Code    36  llsshr.o(.text)
    _ll_sshift_r                             0x0800075d   Thumb Code     0  llsshr.o(.text)
    _double_round                            0x08000781   Thumb Code    30  depilogue.o(.text)
    _double_epilogue                         0x0800079f   Thumb Code   156  depilogue.o(.text)
    __decompress                             0x0800083b   Thumb Code     0  __dczerorl.o(.text)
    __decompress0                            0x0800083b   Thumb Code    58  __dczerorl.o(.text)
    BusFault_Handler                         0x08000875   Thumb Code     2  stm32f4xx_it.o(i.BusFault_Handler)
    CAN1_RX0_IRQHandler                      0x08000879   Thumb Code     6  stm32f4xx_it.o(i.CAN1_RX0_IRQHandler)
    CAN1_RX1_IRQHandler                      0x08000885   Thumb Code     6  stm32f4xx_it.o(i.CAN1_RX1_IRQHandler)
    CAN1_SCE_IRQHandler                      0x08000891   Thumb Code     6  stm32f4xx_it.o(i.CAN1_SCE_IRQHandler)
    CAN1_TX_IRQHandler                       0x0800089d   Thumb Code     6  stm32f4xx_it.o(i.CAN1_TX_IRQHandler)
    DebugMon_Handler                         0x080008a9   Thumb Code     2  stm32f4xx_it.o(i.DebugMon_Handler)
    EXTI3_IRQHandler                         0x080008ad   Thumb Code    24  stm32f4xx_it.o(i.EXTI3_IRQHandler)
    HAL_CAN_ActivateNotification             0x080008c9   Thumb Code    36  stm32f4xx_hal_can.o(i.HAL_CAN_ActivateNotification)
    HAL_CAN_AddTxMessage                     0x080008ed   Thumb Code   200  stm32f4xx_hal_can.o(i.HAL_CAN_AddTxMessage)
    HAL_CAN_ConfigFilter                     0x080009b5   Thumb Code   262  stm32f4xx_hal_can.o(i.HAL_CAN_ConfigFilter)
    HAL_CAN_ErrorCallback                    0x08000ac1   Thumb Code     2  stm32f4xx_hal_can.o(i.HAL_CAN_ErrorCallback)
    HAL_CAN_GetRxMessage                     0x08000ac3   Thumb Code   232  stm32f4xx_hal_can.o(i.HAL_CAN_GetRxMessage)
    HAL_CAN_IRQHandler                       0x08000bab   Thumb Code   508  stm32f4xx_hal_can.o(i.HAL_CAN_IRQHandler)
    HAL_CAN_Init                             0x08000da7   Thumb Code   282  stm32f4xx_hal_can.o(i.HAL_CAN_Init)
    HAL_CAN_IsTxMessagePending               0x08000ec1   Thumb Code    30  stm32f4xx_hal_can.o(i.HAL_CAN_IsTxMessagePending)
    HAL_CAN_MspInit                          0x08000ee1   Thumb Code   158  stm32f4xx_hal_msp.o(i.HAL_CAN_MspInit)
    HAL_CAN_RxFifo0FullCallback              0x08000f8d   Thumb Code     2  stm32f4xx_hal_can.o(i.HAL_CAN_RxFifo0FullCallback)
    HAL_CAN_RxFifo0MsgPendingCallback        0x08000f91   Thumb Code    60  user.o(i.HAL_CAN_RxFifo0MsgPendingCallback)
    HAL_CAN_RxFifo1FullCallback              0x08001011   Thumb Code     2  stm32f4xx_hal_can.o(i.HAL_CAN_RxFifo1FullCallback)
    HAL_CAN_RxFifo1MsgPendingCallback        0x08001013   Thumb Code     2  stm32f4xx_hal_can.o(i.HAL_CAN_RxFifo1MsgPendingCallback)
    HAL_CAN_SleepCallback                    0x08001015   Thumb Code     2  stm32f4xx_hal_can.o(i.HAL_CAN_SleepCallback)
    HAL_CAN_Start                            0x08001019   Thumb Code    88  stm32f4xx_hal_can.o(i.HAL_CAN_Start)
    HAL_CAN_TxMailbox0AbortCallback          0x08001071   Thumb Code     2  stm32f4xx_hal_can.o(i.HAL_CAN_TxMailbox0AbortCallback)
    HAL_CAN_TxMailbox0CompleteCallback       0x08001073   Thumb Code     2  stm32f4xx_hal_can.o(i.HAL_CAN_TxMailbox0CompleteCallback)
    HAL_CAN_TxMailbox1AbortCallback          0x08001075   Thumb Code     2  stm32f4xx_hal_can.o(i.HAL_CAN_TxMailbox1AbortCallback)
    HAL_CAN_TxMailbox1CompleteCallback       0x08001077   Thumb Code     2  stm32f4xx_hal_can.o(i.HAL_CAN_TxMailbox1CompleteCallback)
    HAL_CAN_TxMailbox2AbortCallback          0x08001079   Thumb Code     2  stm32f4xx_hal_can.o(i.HAL_CAN_TxMailbox2AbortCallback)
    HAL_CAN_TxMailbox2CompleteCallback       0x0800107b   Thumb Code     2  stm32f4xx_hal_can.o(i.HAL_CAN_TxMailbox2CompleteCallback)
    HAL_CAN_WakeUpFromRxMsgCallback          0x0800107d   Thumb Code     2  stm32f4xx_hal_can.o(i.HAL_CAN_WakeUpFromRxMsgCallback)
    HAL_DMA_Abort                            0x0800107f   Thumb Code   146  stm32f4xx_hal_dma.o(i.HAL_DMA_Abort)
    HAL_DMA_Abort_IT                         0x08001111   Thumb Code    36  stm32f4xx_hal_dma.o(i.HAL_DMA_Abort_IT)
    HAL_Delay                                0x08001135   Thumb Code    32  stm32f4xx_hal.o(i.HAL_Delay)
    HAL_GPIO_EXTI_Callback                   0x08001159   Thumb Code     2  stm32f4xx_hal_gpio.o(i.HAL_GPIO_EXTI_Callback)
    HAL_GPIO_EXTI_IRQHandler                 0x0800115d   Thumb Code    18  stm32f4xx_hal_gpio.o(i.HAL_GPIO_EXTI_IRQHandler)
    HAL_GPIO_Init                            0x08001175   Thumb Code   450  stm32f4xx_hal_gpio.o(i.HAL_GPIO_Init)
    HAL_GPIO_TogglePin                       0x08001365   Thumb Code    16  stm32f4xx_hal_gpio.o(i.HAL_GPIO_TogglePin)
    HAL_GPIO_WritePin                        0x08001375   Thumb Code    10  stm32f4xx_hal_gpio.o(i.HAL_GPIO_WritePin)
    HAL_GetTick                              0x08001381   Thumb Code     6  stm32f4xx_hal.o(i.HAL_GetTick)
    HAL_IncTick                              0x0800138d   Thumb Code    12  stm32f4xx_hal.o(i.HAL_IncTick)
    HAL_Init                                 0x0800139d   Thumb Code    48  stm32f4xx_hal.o(i.HAL_Init)
    HAL_InitTick                             0x080013d1   Thumb Code   100  stm32f4xx_hal_timebase_tim.o(i.HAL_InitTick)
    HAL_MspInit                              0x08001445   Thumb Code    52  stm32f4xx_hal_msp.o(i.HAL_MspInit)
    HAL_NVIC_EnableIRQ                       0x0800147d   Thumb Code    26  stm32f4xx_hal_cortex.o(i.HAL_NVIC_EnableIRQ)
    HAL_NVIC_SetPriority                     0x08001499   Thumb Code    60  stm32f4xx_hal_cortex.o(i.HAL_NVIC_SetPriority)
    HAL_NVIC_SetPriorityGrouping             0x080014d9   Thumb Code    26  stm32f4xx_hal_cortex.o(i.HAL_NVIC_SetPriorityGrouping)
    HAL_RCC_ClockConfig                      0x080014fd   Thumb Code   288  stm32f4xx_hal_rcc.o(i.HAL_RCC_ClockConfig)
    HAL_RCC_GetClockConfig                   0x08001631   Thumb Code    54  stm32f4xx_hal_rcc.o(i.HAL_RCC_GetClockConfig)
    HAL_RCC_GetPCLK1Freq                     0x08001671   Thumb Code    20  stm32f4xx_hal_rcc.o(i.HAL_RCC_GetPCLK1Freq)
    HAL_RCC_GetPCLK2Freq                     0x08001691   Thumb Code    20  stm32f4xx_hal_rcc.o(i.HAL_RCC_GetPCLK2Freq)
    HAL_RCC_GetSysClockFreq                  0x080016b1   Thumb Code    88  stm32f4xx_hal_rcc.o(i.HAL_RCC_GetSysClockFreq)
    HAL_RCC_OscConfig                        0x08001711   Thumb Code   856  stm32f4xx_hal_rcc.o(i.HAL_RCC_OscConfig)
    HAL_TIMEx_BreakCallback                  0x08001a7d   Thumb Code     2  stm32f4xx_hal_tim_ex.o(i.HAL_TIMEx_BreakCallback)
    HAL_TIMEx_CommutCallback                 0x08001a7f   Thumb Code     2  stm32f4xx_hal_tim_ex.o(i.HAL_TIMEx_CommutCallback)
    HAL_TIM_Base_Init                        0x08001a81   Thumb Code    90  stm32f4xx_hal_tim.o(i.HAL_TIM_Base_Init)
    HAL_TIM_Base_MspInit                     0x08001adb   Thumb Code     2  stm32f4xx_hal_tim.o(i.HAL_TIM_Base_MspInit)
    HAL_TIM_Base_Start_IT                    0x08001add   Thumb Code   100  stm32f4xx_hal_tim.o(i.HAL_TIM_Base_Start_IT)
    HAL_TIM_IC_CaptureCallback               0x08001b5d   Thumb Code     2  stm32f4xx_hal_tim.o(i.HAL_TIM_IC_CaptureCallback)
    HAL_TIM_IRQHandler                       0x08001b5f   Thumb Code   358  stm32f4xx_hal_tim.o(i.HAL_TIM_IRQHandler)
    HAL_TIM_OC_DelayElapsedCallback          0x08001cc5   Thumb Code     2  stm32f4xx_hal_tim.o(i.HAL_TIM_OC_DelayElapsedCallback)
    HAL_TIM_PWM_PulseFinishedCallback        0x08001cc7   Thumb Code     2  stm32f4xx_hal_tim.o(i.HAL_TIM_PWM_PulseFinishedCallback)
    HAL_TIM_PeriodElapsedCallback            0x08001cc9   Thumb Code    14  main.o(i.HAL_TIM_PeriodElapsedCallback)
    HAL_TIM_TriggerCallback                  0x08001cdd   Thumb Code     2  stm32f4xx_hal_tim.o(i.HAL_TIM_TriggerCallback)
    HAL_UARTEx_RxEventCallback               0x08001cdf   Thumb Code     2  stm32f4xx_hal_uart.o(i.HAL_UARTEx_RxEventCallback)
    HAL_UART_ErrorCallback                   0x08001ce1   Thumb Code     2  stm32f4xx_hal_uart.o(i.HAL_UART_ErrorCallback)
    HAL_UART_IRQHandler                      0x08001ce5   Thumb Code   610  stm32f4xx_hal_uart.o(i.HAL_UART_IRQHandler)
    HAL_UART_Init                            0x08001f4d   Thumb Code    98  stm32f4xx_hal_uart.o(i.HAL_UART_Init)
    HAL_UART_MspInit                         0x08001fb1   Thumb Code   172  stm32f4xx_hal_msp.o(i.HAL_UART_MspInit)
    HAL_UART_Receive_IT                      0x08002071   Thumb Code    42  stm32f4xx_hal_uart.o(i.HAL_UART_Receive_IT)
    HAL_UART_RxCpltCallback                  0x0800209d   Thumb Code    56  sim7600.o(i.HAL_UART_RxCpltCallback)
    HAL_UART_Transmit                        0x080020e9   Thumb Code   178  stm32f4xx_hal_uart.o(i.HAL_UART_Transmit)
    HAL_UART_Transmit_IT                     0x0800219b   Thumb Code    62  stm32f4xx_hal_uart.o(i.HAL_UART_Transmit_IT)
    HAL_UART_TxCpltCallback                  0x080021d9   Thumb Code     2  stm32f4xx_hal_uart.o(i.HAL_UART_TxCpltCallback)
    HardFault_Handler                        0x080021db   Thumb Code     2  stm32f4xx_it.o(i.HardFault_Handler)
    MemManage_Handler                        0x0800235d   Thumb Code     2  stm32f4xx_it.o(i.MemManage_Handler)
    NMI_Handler                              0x0800235f   Thumb Code     2  stm32f4xx_it.o(i.NMI_Handler)
    SysTick_Handler                          0x08002361   Thumb Code    26  cmsis_os2.o(i.SysTick_Handler)
    SystemClock_Config                       0x0800237d   Thumb Code   138  main.o(i.SystemClock_Config)
    SystemInit                               0x08002411   Thumb Code    12  system_stm32f4xx.o(i.SystemInit)
    TIM6_DAC_IRQHandler                      0x08002421   Thumb Code     6  stm32f4xx_it.o(i.TIM6_DAC_IRQHandler)
    TIM_Base_SetConfig                       0x0800242d   Thumb Code   156  stm32f4xx_hal_tim.o(i.TIM_Base_SetConfig)
    UART4_IRQHandler                         0x080024f5   Thumb Code     6  stm32f4xx_it.o(i.UART4_IRQHandler)
    UART_Start_Receive_IT                    0x0800272d   Thumb Code    54  stm32f4xx_hal_uart.o(i.UART_Start_Receive_IT)
    UsageFault_Handler                       0x080027db   Thumb Code     2  stm32f4xx_it.o(i.UsageFault_Handler)
    __0printf                                0x080027dd   Thumb Code    22  printfa.o(i.__0printf)
    __1printf                                0x080027dd   Thumb Code     0  printfa.o(i.__0printf)
    __2printf                                0x080027dd   Thumb Code     0  printfa.o(i.__0printf)
    __c89printf                              0x080027dd   Thumb Code     0  printfa.o(i.__0printf)
    printf                                   0x080027dd   Thumb Code     0  printfa.o(i.__0printf)
    __0sprintf                               0x080027fd   Thumb Code    34  printfa.o(i.__0sprintf)
    __1sprintf                               0x080027fd   Thumb Code     0  printfa.o(i.__0sprintf)
    __2sprintf                               0x080027fd   Thumb Code     0  printfa.o(i.__0sprintf)
    __c89sprintf                             0x080027fd   Thumb Code     0  printfa.o(i.__0sprintf)
    sprintf                                  0x080027fd   Thumb Code     0  printfa.o(i.__0sprintf)
    __scatterload_copy                       0x08002845   Thumb Code    14  handlers.o(i.__scatterload_copy)
    __scatterload_null                       0x08002853   Thumb Code     2  handlers.o(i.__scatterload_null)
    __scatterload_zeroinit                   0x08002855   Thumb Code    14  handlers.o(i.__scatterload_zeroinit)
    can_com_initialize                       0x08003121   Thumb Code    36  user.o(i.can_com_initialize)
    can_com_send_data                        0x08003151   Thumb Code    84  user.o(i.can_com_send_data)
    can_com_task_fun                         0x080031b1   Thumb Code    26  main.o(i.can_com_task_fun)
    can_com_task_handle                      0x080031d1   Thumb Code   308  user.o(i.can_com_task_handle)
    fputc                                    0x080033dd   Thumb Code    20  main.o(i.fputc)
    main                                     0x080033f5   Thumb Code   180  main.o(i.main)
    osDelay                                  0x080034c9   Thumb Code    30  cmsis_os2.o(i.osDelay)
    osKernelInitialize                       0x080034e9   Thumb Code    34  cmsis_os2.o(i.osKernelInitialize)
    osKernelStart                            0x08003511   Thumb Code    48  cmsis_os2.o(i.osKernelStart)
    osSemaphoreAcquire                       0x08003549   Thumb Code    98  cmsis_os2.o(i.osSemaphoreAcquire)
    osSemaphoreNew                           0x080035b1   Thumb Code   180  cmsis_os2.o(i.osSemaphoreNew)
    osSemaphoreRelease                       0x08003665   Thumb Code    84  cmsis_os2.o(i.osSemaphoreRelease)
    osThreadNew                              0x080036bd   Thumb Code   188  cmsis_os2.o(i.osThreadNew)
    pvPortMalloc                             0x08003fcd   Thumb Code   224  heap_4.o(i.pvPortMalloc)
    pvTaskIncrementMutexHeldCount            0x080040b5   Thumb Code    20  tasks.o(i.pvTaskIncrementMutexHeldCount)
    pxPortInitialiseStack                    0x080040cd   Thumb Code    38  port.o(i.pxPortInitialiseStack)
    sim7600_initialize                       0x080040f9   Thumb Code    40  sim7600.o(i.sim7600_initialize)
    sim7600_set_https_data                   0x08004129   Thumb Code   268  sim7600.o(i.sim7600_set_https_data)
    sim7600_set_sms_data                     0x08004275   Thumb Code   134  sim7600.o(i.sim7600_set_sms_data)
    sim7600_state_check                      0x08004359   Thumb Code    74  sim7600.o(i.sim7600_state_check)
    sim7600_task_fun                         0x080043bd   Thumb Code    26  main.o(i.sim7600_task_fun)
    sim7600_task_handle                      0x080043dd   Thumb Code    40  user.o(i.sim7600_task_handle)
    user_btn_event                           0x0800440d   Thumb Code    22  user.o(i.user_btn_event)
    uxListRemove                             0x0800442d   Thumb Code    38  list.o(i.uxListRemove)
    vApplicationGetIdleTaskMemory            0x08004455   Thumb Code    16  cmsis_os2.o(i.vApplicationGetIdleTaskMemory)
    vApplicationGetTimerTaskMemory           0x08004469   Thumb Code    18  cmsis_os2.o(i.vApplicationGetTimerTaskMemory)
    vListInitialise                          0x08004481   Thumb Code    22  list.o(i.vListInitialise)
    vListInitialiseItem                      0x08004497   Thumb Code     6  list.o(i.vListInitialiseItem)
    vListInsert                              0x0800449d   Thumb Code    54  list.o(i.vListInsert)
    vListInsertEnd                           0x080044d3   Thumb Code    24  list.o(i.vListInsertEnd)
    vPortEnterCritical                       0x080044ed   Thumb Code    54  port.o(i.vPortEnterCritical)
    vPortExitCritical                        0x0800452d   Thumb Code    38  port.o(i.vPortExitCritical)
    vPortFree                                0x08004559   Thumb Code    94  heap_4.o(i.vPortFree)
    vPortSetupTimerInterrupt                 0x080045bd   Thumb Code    32  port.o(i.vPortSetupTimerInterrupt)
    vPortValidateInterruptPriority           0x080045e1   Thumb Code    74  port.o(i.vPortValidateInterruptPriority)
    vQueueAddToRegistry                      0x08004635   Thumb Code    34  queue.o(i.vQueueAddToRegistry)
    vQueueDelete                             0x0800465d   Thumb Code    50  queue.o(i.vQueueDelete)
    vQueueUnregisterQueue                    0x08004691   Thumb Code    36  queue.o(i.vQueueUnregisterQueue)
    vQueueWaitForMessageRestricted           0x080046b9   Thumb Code    74  queue.o(i.vQueueWaitForMessageRestricted)
    vTaskDelay                               0x08004705   Thumb Code    70  tasks.o(i.vTaskDelay)
    vTaskInternalSetTimeOutState             0x08004755   Thumb Code    12  tasks.o(i.vTaskInternalSetTimeOutState)
    vTaskMissedYield                         0x08004765   Thumb Code     8  tasks.o(i.vTaskMissedYield)
    vTaskPlaceOnEventList                    0x08004771   Thumb Code    48  tasks.o(i.vTaskPlaceOnEventList)
    vTaskPlaceOnEventListRestricted          0x080047a5   Thumb Code    54  tasks.o(i.vTaskPlaceOnEventListRestricted)
    vTaskPriorityDisinheritAfterTimeout      0x080047e1   Thumb Code   138  tasks.o(i.vTaskPriorityDisinheritAfterTimeout)
    vTaskStartScheduler                      0x08004875   Thumb Code   128  tasks.o(i.vTaskStartScheduler)
    vTaskSuspendAll                          0x08004905   Thumb Code    10  tasks.o(i.vTaskSuspendAll)
    vTaskSwitchContext                       0x08004915   Thumb Code   100  tasks.o(i.vTaskSwitchContext)
    xPortStartScheduler                      0x08004981   Thumb Code   232  port.o(i.xPortStartScheduler)
    xPortSysTickHandler                      0x08004a85   Thumb Code    38  port.o(i.xPortSysTickHandler)
    xQueueCreateCountingSemaphore            0x08004ab1   Thumb Code    60  queue.o(i.xQueueCreateCountingSemaphore)
    xQueueCreateCountingSemaphoreStatic      0x08004aed   Thumb Code    66  queue.o(i.xQueueCreateCountingSemaphoreStatic)
    xQueueGenericCreate                      0x08004b2f   Thumb Code    68  queue.o(i.xQueueGenericCreate)
    xQueueGenericCreateStatic                0x08004b73   Thumb Code   112  queue.o(i.xQueueGenericCreateStatic)
    xQueueGenericReset                       0x08004be5   Thumb Code   138  queue.o(i.xQueueGenericReset)
    xQueueGenericSend                        0x08004c75   Thumb Code   362  queue.o(i.xQueueGenericSend)
    xQueueGenericSendFromISR                 0x08004de5   Thumb Code   190  queue.o(i.xQueueGenericSendFromISR)
    xQueueGiveFromISR                        0x08004ea3   Thumb Code   160  queue.o(i.xQueueGiveFromISR)
    xQueueReceive                            0x08004f45   Thumb Code   322  queue.o(i.xQueueReceive)
    xQueueReceiveFromISR                     0x0800508d   Thumb Code   154  queue.o(i.xQueueReceiveFromISR)
    xQueueSemaphoreTake                      0x08005129   Thumb Code   382  queue.o(i.xQueueSemaphoreTake)
    xTaskCheckForTimeOut                     0x080052ad   Thumb Code   122  tasks.o(i.xTaskCheckForTimeOut)
    xTaskCreate                              0x0800532d   Thumb Code   108  tasks.o(i.xTaskCreate)
    xTaskCreateStatic                        0x08005399   Thumb Code    96  tasks.o(i.xTaskCreateStatic)
    xTaskGetSchedulerState                   0x080053f9   Thumb Code    24  tasks.o(i.xTaskGetSchedulerState)
    xTaskGetTickCount                        0x08005415   Thumb Code     6  tasks.o(i.xTaskGetTickCount)
    xTaskIncrementTick                       0x08005421   Thumb Code   196  tasks.o(i.xTaskIncrementTick)
    xTaskPriorityDisinherit                  0x080054ed   Thumb Code   118  tasks.o(i.xTaskPriorityDisinherit)
    xTaskPriorityInherit                     0x0800556d   Thumb Code   118  tasks.o(i.xTaskPriorityInherit)
    xTaskRemoveFromEventList                 0x080055ed   Thumb Code   106  tasks.o(i.xTaskRemoveFromEventList)
    xTaskResumeAll                           0x08005665   Thumb Code   190  tasks.o(i.xTaskResumeAll)
    xTimerCreateTimerTask                    0x08005731   Thumb Code    86  timers.o(i.xTimerCreateTimerTask)
    xTimerGenericCommand                     0x08005799   Thumb Code   112  timers.o(i.xTimerGenericCommand)
    can_com_task_attributes                  0x0800580c   Data          36  main.o(.constdata)
    sim7600_task_attributes                  0x08005830   Data          36  main.o(.constdata)
    can_com_sema_attributes                  0x08005854   Data          16  main.o(.constdata)
    sim7600_sema_attributes                  0x08005864   Data          16  main.o(.constdata)
    AHBPrescTable                            0x08005874   Data          16  system_stm32f4xx.o(.constdata)
    APBPrescTable                            0x08005884   Data           8  system_stm32f4xx.o(.constdata)
    Region$$Table$$Base                      0x080058cc   Number         0  anon$$obj.o(Region$$Table)
    Region$$Table$$Limit                     0x080058ec   Number         0  anon$$obj.o(Region$$Table)
    sim7600_check_cnt                        0x20000000   Data           4  sim7600.o(.data)
    http_str5                                0x20000004   Data           4  sim7600.o(.data)
    http_str4                                0x20000008   Data           8  sim7600.o(.data)
    mobileNumber                             0x20000010   Data          15  sim7600.o(.data)
    http_str1                                0x2000001f   Data          19  sim7600.o(.data)
    http_str2                                0x20000032   Data          29  sim7600.o(.data)
    http_str3                                0x2000004f   Data           9  sim7600.o(.data)
    sim_uart_rx                              0x20000058   Data          30  sim7600.o(.data)
    device_status                            0x20000078   Data           2  user.o(.data)
    tx_pending_cnt                           0x2000007c   Data           4  user.o(.data)
    TxMailbox                                0x20000080   Data           4  user.o(.data)
    CAN_Tx_Data                              0x20000084   Data           8  user.o(.data)
    CAN_Rx_Data                              0x2000008c   Data           8  user.o(.data)
    can_com_taskHandle                       0x20000094   Data           4  main.o(.data)
    sim7600_taskHandle                       0x20000098   Data           4  main.o(.data)
    can_com_semaHandle                       0x2000009c   Data           4  main.o(.data)
    sim7600_semaHandle                       0x200000a0   Data           4  main.o(.data)
    uwTickFreq                               0x200000a4   Data           1  stm32f4xx_hal.o(.data)
    uwTickPrio                               0x200000a8   Data           4  stm32f4xx_hal.o(.data)
    uwTick                                   0x200000ac   Data           4  stm32f4xx_hal.o(.data)
    SystemCoreClock                          0x200000b0   Data           4  system_stm32f4xx.o(.data)
    pxCurrentTCB                             0x200000b4   Data           4  tasks.o(.data)
    __stdout                                 0x20000134   Data           4  stdout.o(.data)
    ATcommand                                0x20000138   Data         160  sim7600.o(.bss)
    TxHeader                                 0x200001d8   Data          24  user.o(.bss)
    RxHeader                                 0x200001f0   Data          28  user.o(.bss)
    data_buffer                              0x2000020c   Data        8198  user.o(.bss)
    hcan1                                    0x20002214   Data          40  main.o(.bss)
    huart4                                   0x2000223c   Data          68  main.o(.bss)
    huart1                                   0x20002280   Data          68  main.o(.bss)
    Scanfilter                               0x200022c4   Data          40  main.o(.bss)
    htim6                                    0x200022ec   Data          72  stm32f4xx_hal_timebase_tim.o(.bss)
    xQueueRegistry                           0x20002334   Data          64  queue.o(.bss)
    __initial_sp                             0x20007008   Data           0  startup_stm32f407xx.o(STACK)



==============================================================================

Memory Map of the image

  Image Entry point : 0x08000189

  Load Region LR_IROM1 (Base: 0x08000000, Size: 0x00005a24, Max: 0x00100000, ABSOLUTE, COMPRESSED[0x00005954])

    Execution Region ER_IROM1 (Base: 0x08000000, Size: 0x000058ec, Max: 0x00100000, ABSOLUTE)

    Base Addr    Size         Type   Attr      Idx    E Section Name        Object

    0x08000000   0x00000188   Data   RO            3    RESET               startup_stm32f407xx.o
    0x08000188   0x00000000   Code   RO         5120  * .ARM.Collect$$$$00000000  mc_w.l(entry.o)
    0x08000188   0x00000004   Code   RO         5398    .ARM.Collect$$$$00000001  mc_w.l(entry2.o)
    0x0800018c   0x00000004   Code   RO         5401    .ARM.Collect$$$$00000004  mc_w.l(entry5.o)
    0x08000190   0x00000000   Code   RO         5403    .ARM.Collect$$$$00000008  mc_w.l(entry7b.o)
    0x08000190   0x00000000   Code   RO         5405    .ARM.Collect$$$$0000000A  mc_w.l(entry8b.o)
    0x08000190   0x00000008   Code   RO         5406    .ARM.Collect$$$$0000000B  mc_w.l(entry9a.o)
    0x08000198   0x00000000   Code   RO         5408    .ARM.Collect$$$$0000000D  mc_w.l(entry10a.o)
    0x08000198   0x00000000   Code   RO         5410    .ARM.Collect$$$$0000000F  mc_w.l(entry11a.o)
    0x08000198   0x00000004   Code   RO         5399    .ARM.Collect$$$$00002712  mc_w.l(entry2.o)
    0x0800019c   0x000000be   Code   RO         5043    .emb_text           port.o
    0x0800025a   0x00000002   PAD
    0x0800025c   0x00000024   Code   RO            4    .text               startup_stm32f407xx.o
    0x08000280   0x00000062   Code   RO         5123    .text               mc_w.l(uldiv.o)
    0x080002e2   0x00000024   Code   RO         5125    .text               mc_w.l(memcpya.o)
    0x08000306   0x00000024   Code   RO         5129    .text               mc_w.l(memseta.o)
    0x0800032a   0x00000024   Code   RO         5131    .text               mc_w.l(strstr.o)
    0x0800034e   0x0000000e   Code   RO         5133    .text               mc_w.l(strlen.o)
    0x0800035c   0x0000002c   Code   RO         5413    .text               mc_w.l(uidiv.o)
    0x08000388   0x0000001e   Code   RO         5415    .text               mc_w.l(llshl.o)
    0x080003a6   0x00000020   Code   RO         5417    .text               mc_w.l(llushr.o)
    0x080003c6   0x00000000   Code   RO         5419    .text               mc_w.l(iusefp.o)
    0x080003c6   0x0000014e   Code   RO         5420    .text               mf_w.l(dadd.o)
    0x08000514   0x000000e4   Code   RO         5422    .text               mf_w.l(dmul.o)
    0x080005f8   0x000000de   Code   RO         5424    .text               mf_w.l(ddiv.o)
    0x080006d6   0x00000030   Code   RO         5426    .text               mf_w.l(dfixul.o)
    0x08000706   0x00000002   PAD
    0x08000708   0x00000030   Code   RO         5428    .text               mf_w.l(cdrcmple.o)
    0x08000738   0x00000024   Code   RO         5430    .text               mc_w.l(init.o)
    0x0800075c   0x00000024   Code   RO         5432    .text               mc_w.l(llsshr.o)
    0x08000780   0x000000ba   Code   RO         5434    .text               mf_w.l(depilogue.o)
    0x0800083a   0x0000003a   Code   RO         5444    .text               mc_w.l(__dczerorl.o)
    0x08000874   0x00000002   Code   RO          398    i.BusFault_Handler  stm32f4xx_it.o
    0x08000876   0x00000002   PAD
    0x08000878   0x0000000c   Code   RO          399    i.CAN1_RX0_IRQHandler  stm32f4xx_it.o
    0x08000884   0x0000000c   Code   RO          400    i.CAN1_RX1_IRQHandler  stm32f4xx_it.o
    0x08000890   0x0000000c   Code   RO          401    i.CAN1_SCE_IRQHandler  stm32f4xx_it.o
    0x0800089c   0x0000000c   Code   RO          402    i.CAN1_TX_IRQHandler  stm32f4xx_it.o
    0x080008a8   0x00000002   Code   RO          403    i.DebugMon_Handler  stm32f4xx_it.o
    0x080008aa   0x00000002   PAD
    0x080008ac   0x0000001c   Code   RO          404    i.EXTI3_IRQHandler  stm32f4xx_it.o
    0x080008c8   0x00000024   Code   RO          586    i.HAL_CAN_ActivateNotification  stm32f4xx_hal_can.o
    0x080008ec   0x000000c8   Code   RO          587    i.HAL_CAN_AddTxMessage  stm32f4xx_hal_can.o
    0x080009b4   0x0000010c   Code   RO          588    i.HAL_CAN_ConfigFilter  stm32f4xx_hal_can.o
    0x08000ac0   0x00000002   Code   RO          591    i.HAL_CAN_ErrorCallback  stm32f4xx_hal_can.o
    0x08000ac2   0x000000e8   Code   RO          594    i.HAL_CAN_GetRxMessage  stm32f4xx_hal_can.o
    0x08000baa   0x000001fc   Code   RO          598    i.HAL_CAN_IRQHandler  stm32f4xx_hal_can.o
    0x08000da6   0x0000011a   Code   RO          599    i.HAL_CAN_Init      stm32f4xx_hal_can.o
    0x08000ec0   0x0000001e   Code   RO          601    i.HAL_CAN_IsTxMessagePending  stm32f4xx_hal_can.o
    0x08000ede   0x00000002   PAD
    0x08000ee0   0x000000ac   Code   RO          499    i.HAL_CAN_MspInit   stm32f4xx_hal_msp.o
    0x08000f8c   0x00000002   Code   RO          606    i.HAL_CAN_RxFifo0FullCallback  stm32f4xx_hal_can.o
    0x08000f8e   0x00000002   PAD
    0x08000f90   0x00000080   Code   RO          188    i.HAL_CAN_RxFifo0MsgPendingCallback  user.o
    0x08001010   0x00000002   Code   RO          608    i.HAL_CAN_RxFifo1FullCallback  stm32f4xx_hal_can.o
    0x08001012   0x00000002   Code   RO          609    i.HAL_CAN_RxFifo1MsgPendingCallback  stm32f4xx_hal_can.o
    0x08001014   0x00000002   Code   RO          610    i.HAL_CAN_SleepCallback  stm32f4xx_hal_can.o
    0x08001016   0x00000002   PAD
    0x08001018   0x00000058   Code   RO          611    i.HAL_CAN_Start     stm32f4xx_hal_can.o
    0x08001070   0x00000002   Code   RO          613    i.HAL_CAN_TxMailbox0AbortCallback  stm32f4xx_hal_can.o
    0x08001072   0x00000002   Code   RO          614    i.HAL_CAN_TxMailbox0CompleteCallback  stm32f4xx_hal_can.o
    0x08001074   0x00000002   Code   RO          615    i.HAL_CAN_TxMailbox1AbortCallback  stm32f4xx_hal_can.o
    0x08001076   0x00000002   Code   RO          616    i.HAL_CAN_TxMailbox1CompleteCallback  stm32f4xx_hal_can.o
    0x08001078   0x00000002   Code   RO          617    i.HAL_CAN_TxMailbox2AbortCallback  stm32f4xx_hal_can.o
    0x0800107a   0x00000002   Code   RO          618    i.HAL_CAN_TxMailbox2CompleteCallback  stm32f4xx_hal_can.o
    0x0800107c   0x00000002   Code   RO          620    i.HAL_CAN_WakeUpFromRxMsgCallback  stm32f4xx_hal_can.o
    0x0800107e   0x00000092   Code   RO         1281    i.HAL_DMA_Abort     stm32f4xx_hal_dma.o
    0x08001110   0x00000024   Code   RO         1282    i.HAL_DMA_Abort_IT  stm32f4xx_hal_dma.o
    0x08001134   0x00000024   Code   RO         1700    i.HAL_Delay         stm32f4xx_hal.o
    0x08001158   0x00000002   Code   RO         1172    i.HAL_GPIO_EXTI_Callback  stm32f4xx_hal_gpio.o
    0x0800115a   0x00000002   PAD
    0x0800115c   0x00000018   Code   RO         1173    i.HAL_GPIO_EXTI_IRQHandler  stm32f4xx_hal_gpio.o
    0x08001174   0x000001f0   Code   RO         1174    i.HAL_GPIO_Init     stm32f4xx_hal_gpio.o
    0x08001364   0x00000010   Code   RO         1177    i.HAL_GPIO_TogglePin  stm32f4xx_hal_gpio.o
    0x08001374   0x0000000a   Code   RO         1178    i.HAL_GPIO_WritePin  stm32f4xx_hal_gpio.o
    0x0800137e   0x00000002   PAD
    0x08001380   0x0000000c   Code   RO         1706    i.HAL_GetTick       stm32f4xx_hal.o
    0x0800138c   0x00000010   Code   RO         1712    i.HAL_IncTick       stm32f4xx_hal.o
    0x0800139c   0x00000034   Code   RO         1713    i.HAL_Init          stm32f4xx_hal.o
    0x080013d0   0x00000074   Code   RO          546    i.HAL_InitTick      stm32f4xx_hal_timebase_tim.o
    0x08001444   0x00000038   Code   RO          500    i.HAL_MspInit       stm32f4xx_hal_msp.o
    0x0800147c   0x0000001a   Code   RO         1563    i.HAL_NVIC_EnableIRQ  stm32f4xx_hal_cortex.o
    0x08001496   0x00000002   PAD
    0x08001498   0x00000040   Code   RO         1569    i.HAL_NVIC_SetPriority  stm32f4xx_hal_cortex.o
    0x080014d8   0x00000024   Code   RO         1570    i.HAL_NVIC_SetPriorityGrouping  stm32f4xx_hal_cortex.o
    0x080014fc   0x00000134   Code   RO          820    i.HAL_RCC_ClockConfig  stm32f4xx_hal_rcc.o
    0x08001630   0x00000040   Code   RO          824    i.HAL_RCC_GetClockConfig  stm32f4xx_hal_rcc.o
    0x08001670   0x00000020   Code   RO          827    i.HAL_RCC_GetPCLK1Freq  stm32f4xx_hal_rcc.o
    0x08001690   0x00000020   Code   RO          828    i.HAL_RCC_GetPCLK2Freq  stm32f4xx_hal_rcc.o
    0x080016b0   0x00000060   Code   RO          829    i.HAL_RCC_GetSysClockFreq  stm32f4xx_hal_rcc.o
    0x08001710   0x0000036c   Code   RO          832    i.HAL_RCC_OscConfig  stm32f4xx_hal_rcc.o
    0x08001a7c   0x00000002   Code   RO         2657    i.HAL_TIMEx_BreakCallback  stm32f4xx_hal_tim_ex.o
    0x08001a7e   0x00000002   Code   RO         2658    i.HAL_TIMEx_CommutCallback  stm32f4xx_hal_tim_ex.o
    0x08001a80   0x0000005a   Code   RO         1953    i.HAL_TIM_Base_Init  stm32f4xx_hal_tim.o
    0x08001ada   0x00000002   Code   RO         1955    i.HAL_TIM_Base_MspInit  stm32f4xx_hal_tim.o
    0x08001adc   0x00000080   Code   RO         1958    i.HAL_TIM_Base_Start_IT  stm32f4xx_hal_tim.o
    0x08001b5c   0x00000002   Code   RO         1987    i.HAL_TIM_IC_CaptureCallback  stm32f4xx_hal_tim.o
    0x08001b5e   0x00000166   Code   RO         2001    i.HAL_TIM_IRQHandler  stm32f4xx_hal_tim.o
    0x08001cc4   0x00000002   Code   RO         2004    i.HAL_TIM_OC_DelayElapsedCallback  stm32f4xx_hal_tim.o
    0x08001cc6   0x00000002   Code   RO         2031    i.HAL_TIM_PWM_PulseFinishedCallback  stm32f4xx_hal_tim.o
    0x08001cc8   0x00000014   Code   RO          281    i.HAL_TIM_PeriodElapsedCallback  main.o
    0x08001cdc   0x00000002   Code   RO         2044    i.HAL_TIM_TriggerCallback  stm32f4xx_hal_tim.o
    0x08001cde   0x00000002   Code   RO         2935    i.HAL_UARTEx_RxEventCallback  stm32f4xx_hal_uart.o
    0x08001ce0   0x00000002   Code   RO         2949    i.HAL_UART_ErrorCallback  stm32f4xx_hal_uart.o
    0x08001ce2   0x00000002   PAD
    0x08001ce4   0x00000268   Code   RO         2952    i.HAL_UART_IRQHandler  stm32f4xx_hal_uart.o
    0x08001f4c   0x00000062   Code   RO         2953    i.HAL_UART_Init     stm32f4xx_hal_uart.o
    0x08001fae   0x00000002   PAD
    0x08001fb0   0x000000c0   Code   RO          502    i.HAL_UART_MspInit  stm32f4xx_hal_msp.o
    0x08002070   0x0000002a   Code   RO         2958    i.HAL_UART_Receive_IT  stm32f4xx_hal_uart.o
    0x0800209a   0x00000002   PAD
    0x0800209c   0x0000004c   Code   RO           13    i.HAL_UART_RxCpltCallback  sim7600.o
    0x080020e8   0x000000b2   Code   RO         2961    i.HAL_UART_Transmit  stm32f4xx_hal_uart.o
    0x0800219a   0x0000003e   Code   RO         2963    i.HAL_UART_Transmit_IT  stm32f4xx_hal_uart.o
    0x080021d8   0x00000002   Code   RO         2964    i.HAL_UART_TxCpltCallback  stm32f4xx_hal_uart.o
    0x080021da   0x00000002   Code   RO          405    i.HardFault_Handler  stm32f4xx_it.o
    0x080021dc   0x0000006c   Code   RO          282    i.MX_CAN1_Init      main.o
    0x08002248   0x00000114   Code   RO          283    i.MX_GPIO_Init      main.o
    0x0800235c   0x00000002   Code   RO          406    i.MemManage_Handler  stm32f4xx_it.o
    0x0800235e   0x00000002   Code   RO          407    i.NMI_Handler       stm32f4xx_it.o
    0x08002360   0x0000001a   Code   RO         4463    i.SysTick_Handler   cmsis_os2.o
    0x0800237a   0x00000002   PAD
    0x0800237c   0x00000094   Code   RO          284    i.SystemClock_Config  main.o
    0x08002410   0x00000010   Code   RO         3282    i.SystemInit        system_stm32f4xx.o
    0x08002420   0x0000000c   Code   RO          408    i.TIM6_DAC_IRQHandler  stm32f4xx_it.o
    0x0800242c   0x000000c8   Code   RO         2046    i.TIM_Base_SetConfig  stm32f4xx_hal_tim.o
    0x080024f4   0x0000000c   Code   RO          409    i.UART4_IRQHandler  stm32f4xx_it.o
    0x08002500   0x00000010   Code   RO         2966    i.UART_DMAAbortOnError  stm32f4xx_hal_uart.o
    0x08002510   0x0000004e   Code   RO         2976    i.UART_EndRxTransfer  stm32f4xx_hal_uart.o
    0x0800255e   0x000000c0   Code   RO         2978    i.UART_Receive_IT   stm32f4xx_hal_uart.o
    0x0800261e   0x00000002   PAD
    0x08002620   0x0000010c   Code   RO         2979    i.UART_SetConfig    stm32f4xx_hal_uart.o
    0x0800272c   0x00000036   Code   RO         2981    i.UART_Start_Receive_IT  stm32f4xx_hal_uart.o
    0x08002762   0x00000078   Code   RO         2982    i.UART_WaitOnFlagUntilTimeout  stm32f4xx_hal_uart.o
    0x080027da   0x00000002   Code   RO          410    i.UsageFault_Handler  stm32f4xx_it.o
    0x080027dc   0x00000020   Code   RO         5370    i.__0printf         mc_w.l(printfa.o)
    0x080027fc   0x00000028   Code   RO         5372    i.__0sprintf        mc_w.l(printfa.o)
    0x08002824   0x00000020   Code   RO         1576    i.__NVIC_SetPriority  stm32f4xx_hal_cortex.o
    0x08002844   0x0000000e   Code   RO         5438    i.__scatterload_copy  mc_w.l(handlers.o)
    0x08002852   0x00000002   Code   RO         5439    i.__scatterload_null  mc_w.l(handlers.o)
    0x08002854   0x0000000e   Code   RO         5440    i.__scatterload_zeroinit  mc_w.l(handlers.o)
    0x08002862   0x00000002   PAD
    0x08002864   0x00000184   Code   RO         5377    i._fp_digits        mc_w.l(printfa.o)
    0x080029e8   0x000006dc   Code   RO         5378    i._printf_core      mc_w.l(printfa.o)
    0x080030c4   0x00000024   Code   RO         5379    i._printf_post_padding  mc_w.l(printfa.o)
    0x080030e8   0x0000002e   Code   RO         5380    i._printf_pre_padding  mc_w.l(printfa.o)
    0x08003116   0x0000000a   Code   RO         5382    i._sputc            mc_w.l(printfa.o)
    0x08003120   0x00000030   Code   RO          189    i.can_com_initialize  user.o
    0x08003150   0x00000060   Code   RO          190    i.can_com_send_data  user.o
    0x080031b0   0x00000020   Code   RO          285    i.can_com_task_fun  main.o
    0x080031d0   0x0000020c   Code   RO          191    i.can_com_task_handle  user.o
    0x080033dc   0x00000018   Code   RO          286    i.fputc             main.o
    0x080033f4   0x000000d4   Code   RO          287    i.main              main.o
    0x080034c8   0x0000001e   Code   RO         4465    i.osDelay           cmsis_os2.o
    0x080034e6   0x00000002   PAD
    0x080034e8   0x00000028   Code   RO         4479    i.osKernelInitialize  cmsis_os2.o
    0x08003510   0x00000038   Code   RO         4482    i.osKernelStart     cmsis_os2.o
    0x08003548   0x00000068   Code   RO         4507    i.osSemaphoreAcquire  cmsis_os2.o
    0x080035b0   0x000000b4   Code   RO         4510    i.osSemaphoreNew    cmsis_os2.o
    0x08003664   0x00000058   Code   RO         4511    i.osSemaphoreRelease  cmsis_os2.o
    0x080036bc   0x000000bc   Code   RO         4524    i.osThreadNew       cmsis_os2.o
    0x08003778   0x00000060   Code   RO         3900    i.prvAddCurrentTaskToDelayedList  tasks.o
    0x080037d8   0x00000088   Code   RO         3901    i.prvAddNewTaskToReadyList  tasks.o
    0x08003860   0x0000005c   Code   RO         4276    i.prvCheckForValidListAndQueue  timers.o
    0x080038bc   0x00000040   Code   RO         3902    i.prvCheckTasksWaitingTermination  tasks.o
    0x080038fc   0x00000024   Code   RO         3487    i.prvCopyDataFromQueue  queue.o
    0x08003920   0x0000006e   Code   RO         3488    i.prvCopyDataToQueue  queue.o
    0x0800398e   0x00000040   Code   RO         3903    i.prvDeleteTCB      tasks.o
    0x080039ce   0x00000014   Code   RO         3489    i.prvGetDisinheritPriorityAfterTimeout  queue.o
    0x080039e2   0x00000002   PAD
    0x080039e4   0x00000024   Code   RO         4277    i.prvGetNextExpireTime  timers.o
    0x08003a08   0x00000050   Code   RO         4988    i.prvHeapInit       heap_4.o
    0x08003a58   0x00000028   Code   RO         3904    i.prvIdleTask       tasks.o
    0x08003a80   0x00000022   Code   RO         3491    i.prvInitialiseNewQueue  queue.o
    0x08003aa2   0x00000094   Code   RO         3905    i.prvInitialiseNewTask  tasks.o
    0x08003b36   0x00000002   PAD
    0x08003b38   0x00000060   Code   RO         3906    i.prvInitialiseTaskLists  tasks.o
    0x08003b98   0x0000005c   Code   RO         4989    i.prvInsertBlockIntoFreeList  heap_4.o
    0x08003bf4   0x00000048   Code   RO         4279    i.prvInsertTimerInActiveList  timers.o
    0x08003c3c   0x0000001a   Code   RO         3492    i.prvIsQueueEmpty   queue.o
    0x08003c56   0x0000001e   Code   RO         3493    i.prvIsQueueFull    queue.o
    0x08003c74   0x00000068   Code   RO         4280    i.prvProcessExpiredTimer  timers.o
    0x08003cdc   0x00000110   Code   RO         4281    i.prvProcessReceivedCommands  timers.o
    0x08003dec   0x0000006c   Code   RO         4282    i.prvProcessTimerOrBlockTask  timers.o
    0x08003e58   0x00000024   Code   RO         3908    i.prvResetNextTaskUnblockTime  tasks.o
    0x08003e7c   0x0000002c   Code   RO         4283    i.prvSampleTimeNow  timers.o
    0x08003ea8   0x00000078   Code   RO         4284    i.prvSwitchTimerLists  timers.o
    0x08003f20   0x00000030   Code   RO         5044    i.prvTaskExitError  port.o
    0x08003f50   0x00000014   Code   RO         4285    i.prvTimerTask      timers.o
    0x08003f64   0x00000068   Code   RO         3494    i.prvUnlockQueue    queue.o
    0x08003fcc   0x000000e8   Code   RO         4990    i.pvPortMalloc      heap_4.o
    0x080040b4   0x00000018   Code   RO         3911    i.pvTaskIncrementMutexHeldCount  tasks.o
    0x080040cc   0x0000002c   Code   RO         5045    i.pxPortInitialiseStack  port.o
    0x080040f8   0x00000030   Code   RO           15    i.sim7600_initialize  sim7600.o
    0x08004128   0x0000014c   Code   RO           16    i.sim7600_set_https_data  sim7600.o
    0x08004274   0x000000e4   Code   RO           17    i.sim7600_set_sms_data  sim7600.o
    0x08004358   0x00000064   Code   RO           18    i.sim7600_state_check  sim7600.o
    0x080043bc   0x00000020   Code   RO          288    i.sim7600_task_fun  main.o
    0x080043dc   0x00000030   Code   RO          192    i.sim7600_task_handle  user.o
    0x0800440c   0x00000020   Code   RO          193    i.user_btn_event    user.o
    0x0800442c   0x00000026   Code   RO         3447    i.uxListRemove      list.o
    0x08004452   0x00000002   PAD
    0x08004454   0x00000014   Code   RO         4536    i.vApplicationGetIdleTaskMemory  cmsis_os2.o
    0x08004468   0x00000018   Code   RO         4537    i.vApplicationGetTimerTaskMemory  cmsis_os2.o
    0x08004480   0x00000016   Code   RO         3448    i.vListInitialise   list.o
    0x08004496   0x00000006   Code   RO         3449    i.vListInitialiseItem  list.o
    0x0800449c   0x00000036   Code   RO         3450    i.vListInsert       list.o
    0x080044d2   0x00000018   Code   RO         3451    i.vListInsertEnd    list.o
    0x080044ea   0x00000002   PAD
    0x080044ec   0x00000040   Code   RO         5047    i.vPortEnterCritical  port.o
    0x0800452c   0x0000002c   Code   RO         5048    i.vPortExitCritical  port.o
    0x08004558   0x00000064   Code   RO         4991    i.vPortFree         heap_4.o
    0x080045bc   0x00000024   Code   RO         5049    i.vPortSetupTimerInterrupt  port.o
    0x080045e0   0x00000054   Code   RO         5050    i.vPortValidateInterruptPriority  port.o
    0x08004634   0x00000028   Code   RO         3500    i.vQueueAddToRegistry  queue.o
    0x0800465c   0x00000032   Code   RO         3501    i.vQueueDelete      queue.o
    0x0800468e   0x00000002   PAD
    0x08004690   0x00000028   Code   RO         3503    i.vQueueUnregisterQueue  queue.o
    0x080046b8   0x0000004a   Code   RO         3504    i.vQueueWaitForMessageRestricted  queue.o
    0x08004702   0x00000002   PAD
    0x08004704   0x00000050   Code   RO         3921    i.vTaskDelay        tasks.o
    0x08004754   0x00000010   Code   RO         3926    i.vTaskInternalSetTimeOutState  tasks.o
    0x08004764   0x0000000c   Code   RO         3927    i.vTaskMissedYield  tasks.o
    0x08004770   0x00000034   Code   RO         3929    i.vTaskPlaceOnEventList  tasks.o
    0x080047a4   0x0000003c   Code   RO         3930    i.vTaskPlaceOnEventListRestricted  tasks.o
    0x080047e0   0x00000094   Code   RO         3932    i.vTaskPriorityDisinheritAfterTimeout  tasks.o
    0x08004874   0x00000090   Code   RO         3938    i.vTaskStartScheduler  tasks.o
    0x08004904   0x00000010   Code   RO         3940    i.vTaskSuspendAll   tasks.o
    0x08004914   0x0000006c   Code   RO         3941    i.vTaskSwitchContext  tasks.o
    0x08004980   0x00000104   Code   RO         5051    i.xPortStartScheduler  port.o
    0x08004a84   0x0000002c   Code   RO         5052    i.xPortSysTickHandler  port.o
    0x08004ab0   0x0000003c   Code   RO         3505    i.xQueueCreateCountingSemaphore  queue.o
    0x08004aec   0x00000042   Code   RO         3506    i.xQueueCreateCountingSemaphoreStatic  queue.o
    0x08004b2e   0x00000044   Code   RO         3509    i.xQueueGenericCreate  queue.o
    0x08004b72   0x00000070   Code   RO         3510    i.xQueueGenericCreateStatic  queue.o
    0x08004be2   0x00000002   PAD
    0x08004be4   0x00000090   Code   RO         3511    i.xQueueGenericReset  queue.o
    0x08004c74   0x00000170   Code   RO         3512    i.xQueueGenericSend  queue.o
    0x08004de4   0x000000be   Code   RO         3513    i.xQueueGenericSendFromISR  queue.o
    0x08004ea2   0x000000a0   Code   RO         3516    i.xQueueGiveFromISR  queue.o
    0x08004f42   0x00000002   PAD
    0x08004f44   0x00000148   Code   RO         3522    i.xQueueReceive     queue.o
    0x0800508c   0x0000009a   Code   RO         3523    i.xQueueReceiveFromISR  queue.o
    0x08005126   0x00000002   PAD
    0x08005128   0x00000184   Code   RO         3524    i.xQueueSemaphoreTake  queue.o
    0x080052ac   0x00000080   Code   RO         3943    i.xTaskCheckForTimeOut  tasks.o
    0x0800532c   0x0000006c   Code   RO         3944    i.xTaskCreate       tasks.o
    0x08005398   0x00000060   Code   RO         3945    i.xTaskCreateStatic  tasks.o
    0x080053f8   0x0000001c   Code   RO         3949    i.xTaskGetSchedulerState  tasks.o
    0x08005414   0x0000000c   Code   RO         3950    i.xTaskGetTickCount  tasks.o
    0x08005420   0x000000cc   Code   RO         3952    i.xTaskIncrementTick  tasks.o
    0x080054ec   0x00000080   Code   RO         3955    i.xTaskPriorityDisinherit  tasks.o
    0x0800556c   0x00000080   Code   RO         3956    i.xTaskPriorityInherit  tasks.o
    0x080055ec   0x00000078   Code   RO         3957    i.xTaskRemoveFromEventList  tasks.o
    0x08005664   0x000000cc   Code   RO         3958    i.xTaskResumeAll    tasks.o
    0x08005730   0x00000068   Code   RO         4294    i.xTimerCreateTimerTask  timers.o
    0x08005798   0x00000074   Code   RO         4295    i.xTimerGenericCommand  timers.o
    0x0800580c   0x00000068   Data   RO          290    .constdata          main.o
    0x08005874   0x00000010   Data   RO         3283    .constdata          system_stm32f4xx.o
    0x08005884   0x00000008   Data   RO         3284    .constdata          system_stm32f4xx.o
    0x0800588c   0x0000003d   Data   RO          291    .conststring        main.o
    0x080058c9   0x00000003   PAD
    0x080058cc   0x00000020   Data   RO         5436    Region$$Table       anon$$obj.o


    Execution Region RW_IRAM2 (Base: 0x10000000, Size: 0x00000000, Max: 0x00010000, ABSOLUTE)

    **** No section assigned to this execution region ****


    Execution Region RW_IRAM1 (Base: 0x20000000, Size: 0x00007008, Max: 0x00020000, ABSOLUTE, COMPRESSED[0x00000068])

    Base Addr    Size         Type   Attr      Idx    E Section Name        Object

    0x20000000   0x00000076   Data   RW           20    .data               sim7600.o
    0x20000076   0x00000002   PAD
    0x20000078   0x0000001c   Data   RW          195    .data               user.o
    0x20000094   0x00000010   Data   RW          292    .data               main.o
    0x200000a4   0x0000000c   Data   RW         1720    .data               stm32f4xx_hal.o
    0x200000b0   0x00000004   Data   RW         3285    .data               system_stm32f4xx.o
    0x200000b4   0x0000003c   Data   RW         3961    .data               tasks.o
    0x200000f0   0x00000014   Data   RW         4303    .data               timers.o
    0x20000104   0x00000004   Data   RW         4539    .data               cmsis_os2.o
    0x20000108   0x00000020   Data   RW         4997    .data               heap_4.o
    0x20000128   0x0000000c   Data   RW         5053    .data               port.o
    0x20000134   0x00000004   Data   RW         5412    .data               mc_w.l(stdout.o)
    0x20000138   0x000000a0   Zero   RW           19    .bss                sim7600.o
    0x200001d8   0x0000203a   Zero   RW          194    .bss                user.o
    0x20002212   0x00000002   PAD
    0x20002214   0x000000d8   Zero   RW          289    .bss                main.o
    0x200022ec   0x00000048   Zero   RW          549    .bss                stm32f4xx_hal_timebase_tim.o
    0x20002334   0x00000040   Zero   RW         3526    .bss                queue.o
    0x20002374   0x000004c4   Zero   RW         3960    .bss                tasks.o
    0x20002838   0x00000118   Zero   RW         4302    .bss                timers.o
    0x20002950   0x000006b8   Zero   RW         4538    .bss                cmsis_os2.o
    0x20003008   0x00003c00   Zero   RW         4996    .bss                heap_4.o
    0x20006c08   0x00000400   Zero   RW            1    STACK               startup_stm32f407xx.o


==============================================================================

Image component sizes


      Code (inc. data)   RO Data    RW Data    ZI Data      Debug   Object Name

       756         34          0          4       1720      68226   cmsis_os2.o
         0          0          0          0          0      19524   event_groups.o
       504         32          0         32      15360       5115   heap_4.o
       144          0          0          0          0       3674   list.o
       852         94        165         16        216       7523   main.o
       814         92          0         12          0      11833   port.o
      2602         34          0          0         64      28128   queue.o
       784        212          0        118        160     705737   sim7600.o
        36          8        392          0       1024        852   startup_stm32f407xx.o
       116         18          0         12          0       8822   stm32f4xx_hal.o
      1668          6          0          0          0      15348   stm32f4xx_hal_can.o
       158         14          0          0          0      33226   stm32f4xx_hal_cortex.o
       182          0          0          0          0       2147   stm32f4xx_hal_dma.o
       548         52          0          0          0       4109   stm32f4xx_hal_gpio.o
       420         38          0          0          0       2555   stm32f4xx_hal_msp.o
      1408         82          0          0          0       6001   stm32f4xx_hal_rcc.o
       786         72          0          0          0       7504   stm32f4xx_hal_tim.o
         4          0          0          0          0       1645   stm32f4xx_hal_tim_ex.o
       116         16          0          0         72       1467   stm32f4xx_hal_timebase_tim.o
      1730         16          0          0          0      12371   stm32f4xx_hal_uart.o
       112         40          0          0          0       6312   stm32f4xx_it.o
         0          0          0          0          0        392   stream_buffer.o
        16          4         24          4          0       1175   system_stm32f4xx.o
      2496        218          0         60       1220      30983   tasks.o
      1088         94          0         20        280      33411   timers.o
       876        326          0         28       8250      15683   user.o

    ----------------------------------------------------------------------
     18264       1502        616        308      28368    1033763   Object Totals
         0          0         32          0          0          0   (incl. Generated)
        48          0          3          2          2          0   (incl. Padding)

    ----------------------------------------------------------------------

      Code (inc. data)   RO Data    RW Data    ZI Data      Debug   Library Member Name

        58          0          0          0          0          0   __dczerorl.o
         0          0          0          0          0          0   entry.o
         0          0          0          0          0          0   entry10a.o
         0          0          0          0          0          0   entry11a.o
         8          4          0          0          0          0   entry2.o
         4          0          0          0          0          0   entry5.o
         0          0          0          0          0          0   entry7b.o
         0          0          0          0          0          0   entry8b.o
         8          4          0          0          0          0   entry9a.o
        30          0          0          0          0          0   handlers.o
        36          8          0          0          0         68   init.o
         0          0          0          0          0          0   iusefp.o
        30          0          0          0          0         68   llshl.o
        36          0          0          0          0         68   llsshr.o
        32          0          0          0          0         68   llushr.o
        36          0          0          0          0         68   memcpya.o
        36          0          0          0          0        108   memseta.o
      2308         96          0          0          0        604   printfa.o
         0          0          0          4          0          0   stdout.o
        14          0          0          0          0         68   strlen.o
        36          0          0          0          0         80   strstr.o
        44          0          0          0          0         80   uidiv.o
        98          0          0          0          0         92   uldiv.o
        48          0          0          0          0         68   cdrcmple.o
       334          0          0          0          0        148   dadd.o
       222          0          0          0          0        100   ddiv.o
       186          0          0          0          0        176   depilogue.o
        48          0          0          0          0         68   dfixul.o
       228          0          0          0          0         96   dmul.o

    ----------------------------------------------------------------------
      3884        112          0          4          0       2028   Library Totals
         4          0          0          0          0          0   (incl. Padding)

    ----------------------------------------------------------------------

      Code (inc. data)   RO Data    RW Data    ZI Data      Debug   Library Name

      2814        112          0          4          0       1372   mc_w.l
      1066          0          0          0          0        656   mf_w.l

    ----------------------------------------------------------------------
      3884        112          0          4          0       2028   Library Totals

    ----------------------------------------------------------------------

==============================================================================


      Code (inc. data)   RO Data    RW Data    ZI Data      Debug   

     22148       1614        616        312      28368    1016735   Grand Totals
     22148       1614        616        104      28368    1016735   ELF Image Totals (compressed)
     22148       1614        616        104          0          0   ROM Totals

==============================================================================

    Total RO  Size (Code + RO Data)                22764 (  22.23kB)
    Total RW  Size (RW Data + ZI Data)             28680 (  28.01kB)
    Total ROM Size (Code + RO Data + RW Data)      22868 (  22.33kB)

==============================================================================

